<html>
<body>
<pre>
<h1>µVision Build Log</h1>
<h2>Tool Versions:</h2>
IDE-Version: ¦ÌVision V5.28.0.0
Copyright (C) 2019 ARM Ltd and ARM Germany GmbH. All rights reserved.
License Information: zong yuan, 123, LIC=585FJ-UFMVF-63NMB-2NJK7-ALN2L-E1CCT
 
Tool Versions:
Toolchain:       MDK-ARM Plus  Version: 5.28.0.0
Toolchain Path:  E:\Keil\ARM\ARMCC\Bin
C Compiler:      Armcc.exe V5.06 update 6 (build 750)
Assembler:       Armasm.exe V5.06 update 6 (build 750)
Linker/Locator:  ArmLink.exe V5.06 update 6 (build 750)
Library Manager: ArmAr.exe V5.06 update 6 (build 750)
Hex Converter:   FromElf.exe V5.06 update 6 (build 750)
CPU DLL:         SARMCM3.DLL V5.28.0.0
Dialog DLL:      DCM.DLL V1.17.3.0
Target DLL:      STLink\ST-LINKIII-KEIL_SWO.dll V3.0.6.0
Dialog DLL:      TCM.DLL V1.36.2.0
 
<h2>Project:</h2>
D:\Code\STM32F103C8T6_debug\MDK-ARM\STM32F103C8T6_debug.uvprojx
Project File Date:  05/23/2026

<h2>Output:</h2>
*** Using Compiler 'V5.06 update 6 (build 750)', folder: 'E:\Keil\ARM\ARMCC\Bin'
Rebuild target 'STM32F103C8T6_debug'
assembling startup_stm32f103xb.s...
compiling can.c...
compiling stm32f1xx_hal_gpio_ex.c...
compiling gpio.c...
compiling tim.c...
compiling iwdg.c...
compiling usart.c...
compiling dma.c...
compiling stm32f1xx_it.c...
compiling stm32f1xx_hal_can.c...
compiling stm32f1xx_hal_msp.c...
compiling stm32f1xx_hal_rcc_ex.c...
compiling main.c...
compiling stm32f1xx_hal.c...
compiling freertos.c...
compiling croutine.c...
compiling stm32f1xx_hal_rcc.c...
compiling event_groups.c...
compiling list.c...
compiling stream_buffer.c...
compiling queue.c...
compiling tasks.c...
compiling timers.c...
compiling stm32f1xx_hal_cortex.c...
compiling stm32f1xx_hal_gpio.c...
compiling stm32f1xx_hal_pwr.c...
compiling heap_4.c...
compiling stm32f1xx_hal_flash.c...
compiling stm32f1xx_hal_flash_ex.c...
compiling stm32f1xx_hal_dma.c...
compiling port.c...
compiling stm32f1xx_hal_iwdg.c...
compiling system_stm32f1xx.c...
compiling stm32f1xx_hal_exti.c...
compiling cmsis_os2.c...
compiling share_data.c...
compiling stm32f1xx_hal_tim_ex.c...
compiling stm32f1xx_hal_uart.c...
compiling stm32f1xx_hal_tim.c...
compiling uart_control.c...
compiling can_control.c...
compiling device_control.c...
compiling gpio_control.c...
compiling adc_control.c...
compiling uart_bus.c...
compiling can_bus.c...
compiling J1939.c...
compiling device_init.c...
compiling apl_tack.c...
compiling can_protocol_handle.c...
linking...
Program Size: Code=28488 RO-data=964 RW-data=2224 ZI-data=16736  
FromELF: creating hex file...
"STM32F103C8T6_debug\STM32F103C8T6_debug.axf" - 0 Error(s), 0 Warning(s).

<h2>Software Packages used:</h2>

Package Vendor: ARM
                http://www.keil.com/pack/ARM.CMSIS.5.7.0.pack
                ARM.CMSIS.5.7.0
                CMSIS (Cortex Microcontroller Software Interface Standard)
   * Component: CORE Version: 5.4.0

Package Vendor: Keil
                https://www.keil.com/pack/Keil.STM32F1xx_DFP.2.4.1.pack
                Keil.STM32F1xx_DFP.2.4.1
                STMicroelectronics STM32F1 Series Device Support, Drivers and Examples

<h2>Collection of Component include folders:</h2>
  .\RTE\_STM32F103C8T6_debug
  E:\Keil\Arm\Packs\ARM\CMSIS\5.7.0\CMSIS\Core\Include
  E:\Keil\Arm\Packs\Keil\STM32F1xx_DFP\2.4.1\Device\Include

<h2>Collection of Component Files used:</h2>

   * Component: ARM::CMSIS:CORE:5.4.0
      Include file:  CMSIS\Core\Include\tz_context.h
Build Time Elapsed:  00:00:02
</pre>
</body>
</html>
