<html>
<body>
<pre>
<h1>µVision Build Log</h1>
<h2>Tool Versions:</h2>
IDE-Version: ¶ÃVision V5.35.0.0
Copyright (C) 2021 ARM Ltd and ARM Germany GmbH. All rights reserved.
License Information: zong yuan, zongyuan, LIC=PE7DL-0GDGC-JJ56S-LGVWL-ANN09-L3AGX
 
Tool Versions:
Toolchain:       MDK-ARM Plus  Version: 5.35.0.2
Toolchain Path:  C:\Keil_v5\ARM\ARMCC\Bin
C Compiler:      Armcc.exe V5.06 update 7 (build 960)
Assembler:       Armasm.exe V5.06 update 7 (build 960)
Linker/Locator:  ArmLink.exe V5.06 update 7 (build 960)
Library Manager: ArmAr.exe V5.06 update 7 (build 960)
Hex Converter:   FromElf.exe V5.06 update 7 (build 960)
CPU DLL:         SARMCM3.DLL V5.35.0.2
Dialog DLL:      DCM.DLL V1.17.3.0
Target DLL:      STLink\ST-LINKIII-KEIL_SWO.dll V3.0.9.0
Dialog DLL:      TCM.DLL V1.53.0.0
 
<h2>Project:</h2>
\\Mac\share data\»Ìº˛ø™∑¢\STM32F103C8T6_debug\MDK-ARM\STM32F103C8T6_debug.uvprojx
Project File Date:  06/09/2026

<h2>Output:</h2>
*** Using Compiler 'V5.06 update 7 (build 960)', folder: 'C:\Keil_v5\ARM\ARMCC\Bin'
Rebuild target 'STM32F103C8T6_debug'
assembling startup_stm32f103xb.s...
compiling gpio.c...
compiling main.c...
compiling can.c...
compiling freertos.c...
compiling dma.c...
compiling iwdg.c...
compiling usart.c...
compiling tim.c...
compiling stm32f1xx_hal_msp.c...
compiling stm32f1xx_it.c...
compiling stm32f1xx_hal_gpio_ex.c...
compiling stm32f1xx_hal_can.c...
compiling stm32f1xx_hal.c...
compiling stm32f1xx_hal_rcc_ex.c...
compiling stm32f1xx_hal_rcc.c...
compiling stm32f1xx_hal_gpio.c...
compiling stm32f1xx_hal_dma.c...
compiling stm32f1xx_hal_pwr.c...
compiling stm32f1xx_hal_cortex.c...
compiling stm32f1xx_hal_flash.c...
compiling stm32f1xx_hal_iwdg.c...
compiling stm32f1xx_hal_exti.c...
compiling stm32f1xx_hal_flash_ex.c...
compiling system_stm32f1xx.c...
compiling stm32f1xx_hal_tim_ex.c...
compiling croutine.c...
compiling stm32f1xx_hal_uart.c...
compiling list.c...
compiling stm32f1xx_hal_tim.c...
compiling event_groups.c...
compiling stream_buffer.c...
compiling queue.c...
compiling timers.c...
compiling heap_4.c...
compiling tasks.c...
compiling port.c...
compiling cmsis_os2.c...
compiling gpio_control.c...
compiling device_control.c...
compiling uart_control.c...
compiling can_control.c...
compiling adc_control.c...
compiling uart_bus.c...
compiling share_data.c...
compiling can_bus.c...
compiling J1939.c...
compiling device_init.c...
compiling can_protocol_handle.c...
compiling apl_tack.c...
compiling atk_ble03.c...
..\APL\atk_ble03.c(296): warning:  #550-D: parameter "len"  was set but never used
  bool ble_rx_dequeue(uint8_t len, uint8_t* data)
..\APL\atk_ble03.c: 1 warning, 0 errors
compiling voyah_ble.c...
..\APL\voyah_ble.c(692): warning:  #550-D: variable "effective_len"  was set but never used
      uint8_t effective_len = 0;   /*ÊúâÊïàÊï∞ÊçÆÈïøÂ∫¶*/
..\APL\voyah_ble.c: 1 warning, 0 errors
compiling voyah_rf.c...
linking...
Program Size: Code=30120 RO-data=1032 RW-data=3816 ZI-data=15928  
FromELF: creating hex file...
"STM32F103C8T6_debug\STM32F103C8T6_debug.axf" - 0 Error(s), 2 Warning(s).

<h2>Software Packages used:</h2>

Package Vendor: ARM
                http://www.keil.com/pack/ARM.CMSIS.5.8.0.pack
                ARM.CMSIS.5.8.0
                CMSIS (Common Microcontroller Software Interface Standard)
   * Component: CORE Version: 5.5.0

Package Vendor: Keil
                https://www.keil.com/pack/Keil.STM32F1xx_DFP.2.4.1.pack
                Keil.STM32F1xx_DFP.2.4.1
                STMicroelectronics STM32F1 Series Device Support, Drivers and Examples

<h2>Collection of Component include folders:</h2>
  .\RTE\_STM32F103C8T6_debug
  C:\Users\zongyuan\AppData\Local\Arm\Packs\ARM\CMSIS\5.8.0\CMSIS\Core\Include
  C:\Users\zongyuan\AppData\Local\Arm\Packs\Keil\STM32F1xx_DFP\2.4.1\Device\Include

<h2>Collection of Component Files used:</h2>

   * Component: ARM::CMSIS:CORE:5.5.0
      Include file:  CMSIS\Core\Include\tz_context.h
Build Time Elapsed:  00:00:10
</pre>
</body>
</html>
