Component: ARM Compiler 5.06 update 7 (build 960) Tool: armlink [4d3601]

==============================================================================

Section Cross References

    startup_stm32f103xb.o(RESET) refers to startup_stm32f103xb.o(STACK) for __initial_sp
    startup_stm32f103xb.o(RESET) refers to startup_stm32f103xb.o(.text) for Reset_Handler
    startup_stm32f103xb.o(RESET) refers to stm32f1xx_it.o(i.NMI_Handler) for NMI_Handler
    startup_stm32f103xb.o(RESET) refers to stm32f1xx_it.o(i.HardFault_Handler) for HardFault_Handler
    startup_stm32f103xb.o(RESET) refers to stm32f1xx_it.o(i.MemManage_Handler) for MemManage_Handler
    startup_stm32f103xb.o(RESET) refers to stm32f1xx_it.o(i.BusFault_Handler) for BusFault_Handler
    startup_stm32f103xb.o(RESET) refers to stm32f1xx_it.o(i.UsageFault_Handler) for UsageFault_Handler
    startup_stm32f103xb.o(RESET) refers to port.o(.emb_text) for SVC_Handler
    startup_stm32f103xb.o(RESET) refers to stm32f1xx_it.o(i.DebugMon_Handler) for DebugMon_Handler
    startup_stm32f103xb.o(RESET) refers to stm32f1xx_it.o(i.SysTick_Handler) for SysTick_Handler
    startup_stm32f103xb.o(RESET) refers to stm32f1xx_it.o(i.DMA1_Channel4_IRQHandler) for DMA1_Channel4_IRQHandler
    startup_stm32f103xb.o(RESET) refers to stm32f1xx_it.o(i.DMA1_Channel5_IRQHandler) for DMA1_Channel5_IRQHandler
    startup_stm32f103xb.o(RESET) refers to stm32f1xx_it.o(i.DMA1_Channel7_IRQHandler) for DMA1_Channel7_IRQHandler
    startup_stm32f103xb.o(RESET) refers to stm32f1xx_it.o(i.USB_LP_CAN1_RX0_IRQHandler) for USB_LP_CAN1_RX0_IRQHandler
    startup_stm32f103xb.o(RESET) refers to stm32f1xx_it.o(i.TIM1_UP_IRQHandler) for TIM1_UP_IRQHandler
    startup_stm32f103xb.o(RESET) refers to uart_control.o(i.USART1_IRQHandler) for USART1_IRQHandler
    startup_stm32f103xb.o(RESET) refers to stm32f1xx_it.o(i.USART2_IRQHandler) for USART2_IRQHandler
    startup_stm32f103xb.o(.text) refers to system_stm32f1xx.o(i.SystemInit) for SystemInit
    startup_stm32f103xb.o(.text) refers to entry.o(.ARM.Collect$$$$00000000) for __main
    main.o(i.SystemClock_Config) refers to memseta.o(.text) for __aeabi_memclr4
    main.o(i.SystemClock_Config) refers to stm32f1xx_hal_rcc.o(i.HAL_RCC_OscConfig) for HAL_RCC_OscConfig
    main.o(i.SystemClock_Config) refers to stm32f1xx_hal_rcc.o(i.HAL_RCC_ClockConfig) for HAL_RCC_ClockConfig
    main.o(i.main) refers to stm32f1xx_hal.o(i.HAL_Init) for HAL_Init
    main.o(i.main) refers to main.o(i.SystemClock_Config) for SystemClock_Config
    main.o(i.main) refers to gpio.o(i.MX_GPIO_Init) for MX_GPIO_Init
    main.o(i.main) refers to can.o(i.MX_CAN_Init) for MX_CAN_Init
    main.o(i.main) refers to dma.o(i.MX_DMA_Init) for MX_DMA_Init
    main.o(i.main) refers to usart.o(i.MX_USART1_UART_Init) for MX_USART1_UART_Init
    main.o(i.main) refers to tim.o(i.MX_TIM1_Init) for MX_TIM1_Init
    main.o(i.main) refers to usart.o(i.MX_USART2_UART_Init) for MX_USART2_UART_Init
    main.o(i.main) refers to cmsis_os2.o(i.osKernelInitialize) for osKernelInitialize
    main.o(i.main) refers to freertos.o(i.MX_FREERTOS_Init) for MX_FREERTOS_Init
    main.o(i.main) refers to cmsis_os2.o(i.osKernelStart) for osKernelStart
    gpio.o(i.MX_GPIO_Init) refers to stm32f1xx_hal_gpio.o(i.HAL_GPIO_WritePin) for HAL_GPIO_WritePin
    gpio.o(i.MX_GPIO_Init) refers to stm32f1xx_hal_gpio.o(i.HAL_GPIO_Init) for HAL_GPIO_Init
    freertos.o(i.APL_Task) refers to cmsis_os2.o(i.osDelay) for osDelay
    freertos.o(i.BSP_Task) refers to cmsis_os2.o(i.osDelay) for osDelay
    freertos.o(i.CAN_Task) refers to cmsis_os2.o(i.osDelay) for osDelay
    freertos.o(i.MX_FREERTOS_Init) refers to cmsis_os2.o(i.osThreadNew) for osThreadNew
    freertos.o(i.MX_FREERTOS_Init) refers to share_data.o(i.share_data_init) for share_data_init
    freertos.o(i.MX_FREERTOS_Init) refers to freertos.o(.constdata) for .constdata
    freertos.o(i.MX_FREERTOS_Init) refers to freertos.o(i.StartDefaultTask) for StartDefaultTask
    freertos.o(i.MX_FREERTOS_Init) refers to freertos.o(.data) for .data
    freertos.o(i.MX_FREERTOS_Init) refers to device_init.o(i.BSP_Task) for BSP_Task
    freertos.o(i.MX_FREERTOS_Init) refers to apl_tack.o(i.APL_Task) for APL_Task
    freertos.o(i.MX_FREERTOS_Init) refers to apl_tack.o(i.CAN_Task) for CAN_Task
    freertos.o(i.StartDefaultTask) refers to cmsis_os2.o(i.osDelay) for osDelay
    freertos.o(.constdata) refers to freertos.o(.conststring) for .conststring
    can.o(i.HAL_CAN_MspDeInit) refers to stm32f1xx_hal_gpio.o(i.HAL_GPIO_DeInit) for HAL_GPIO_DeInit
    can.o(i.HAL_CAN_MspDeInit) refers to stm32f1xx_hal_cortex.o(i.HAL_NVIC_DisableIRQ) for HAL_NVIC_DisableIRQ
    can.o(i.HAL_CAN_MspInit) refers to stm32f1xx_hal_gpio.o(i.HAL_GPIO_Init) for HAL_GPIO_Init
    can.o(i.HAL_CAN_MspInit) refers to stm32f1xx_hal_cortex.o(i.HAL_NVIC_SetPriority) for HAL_NVIC_SetPriority
[...]
    xActiveTimerList2                        0x200015cc   Data          20  timers.o(.bss)
    xStaticTimerQueue                        0x200015e0   Data          80  timers.o(.bss)
    ucStaticTimerQueueStorage                0x20001630   Data         160  timers.o(.bss)
    .bss                                     0x200016d0   Section     1720  cmsis_os2.o(.bss)
    Idle_TCB                                 0x200016d0   Data          92  cmsis_os2.o(.bss)
    Idle_Stack                               0x2000172c   Data         512  cmsis_os2.o(.bss)
    Timer_TCB                                0x2000192c   Data          92  cmsis_os2.o(.bss)
    Timer_Stack                              0x20001988   Data        1024  cmsis_os2.o(.bss)
    .bss                                     0x20001d88   Section     5120  heap_4.o(.bss)
    ucHeap                                   0x20001d88   Data        5120  heap_4.o(.bss)
    .bss                                     0x20003188   Section       50  uart_control.o(.bss)
    .bss                                     0x200031bc   Section      756  uart_bus.o(.bss)
    print_buf                                0x200031bc   Data          50  uart_bus.o(.bss)
    .bss                                     0x200034b0   Section      400  can_bus.o(.bss)
    .bss                                     0x20003640   Section     4812  j1939.o(.bss)
    .bss                                     0x2000490c   Section       32  share_data.o(.bss)
    mutex                                    0x2000490c   Data          16  share_data.o(.bss)
    .bss                                     0x2000492c   Section      176  can_protocol_handle.o(.bss)
    .bss                                     0x200049dc   Section       61  voyah_rf.o(.bss)
    HEAP                                     0x20004a20   Section      256  startup_stm32f103xb.o(HEAP)
    STACK                                    0x20004b20   Section      512  startup_stm32f103xb.o(STACK)

    Global Symbols

    Symbol Name                              Value     Ov Type        Size  Object(Section)

    BuildAttributes$$THM_ISAv4$P$D$K$B$S$PE$A:L22UL41UL21$X:L11$S22US41US21$IEEE1$IW$USESV6$~STKCKD$USESV7$~SHL$OSPACE$ROPI$EBA8$MICROLIB$REQ8$PRES8$EABIv2 0x00000000   Number         0  anon$$obj.o ABSOLUTE
    __ARM_use_no_argv                        0x00000000   Number         0  main.o ABSOLUTE
    _printf_a                                0x00000000   Number         0  stubs.o ABSOLUTE
    _printf_c                                0x00000000   Number         0  stubs.o ABSOLUTE
    _printf_charcount                        0x00000000   Number         0  stubs.o ABSOLUTE
    _printf_d                                0x00000000   Number         0  stubs.o ABSOLUTE
    _printf_e                                0x00000000   Number         0  stubs.o ABSOLUTE
    _printf_f                                0x00000000   Number         0  stubs.o ABSOLUTE
    _printf_flags                            0x00000000   Number         0  stubs.o ABSOLUTE
    _printf_fp_dec                           0x00000000   Number         0  stubs.o ABSOLUTE
    _printf_fp_hex                           0x00000000   Number         0  stubs.o ABSOLUTE
    _printf_g                                0x00000000   Number         0  stubs.o ABSOLUTE
    _printf_i                                0x00000000   Number         0  stubs.o ABSOLUTE
    _printf_int_dec                          0x00000000   Number         0  stubs.o ABSOLUTE
    _printf_l                                0x00000000   Number         0  stubs.o ABSOLUTE
    _printf_lc                               0x00000000   Number         0  stubs.o ABSOLUTE
    _printf_ll                               0x00000000   Number         0  stubs.o ABSOLUTE
    _printf_lld                              0x00000000   Number         0  stubs.o ABSOLUTE
    _printf_lli                              0x00000000   Number         0  stubs.o ABSOLUTE
    _printf_llo                              0x00000000   Number         0  stubs.o ABSOLUTE
    _printf_llu                              0x00000000   Number         0  stubs.o ABSOLUTE
    _printf_llx                              0x00000000   Number         0  stubs.o ABSOLUTE
    _printf_longlong_dec                     0x00000000   Number         0  stubs.o ABSOLUTE
    _printf_longlong_hex                     0x00000000   Number         0  stubs.o ABSOLUTE
    _printf_longlong_oct                     0x00000000   Number         0  stubs.o ABSOLUTE
    _printf_ls                               0x00000000   Number         0  stubs.o ABSOLUTE
    _printf_mbtowc                           0x00000000   Number         0  stubs.o ABSOLUTE
    _printf_n                                0x00000000   Number         0  stubs.o ABSOLUTE
    _printf_o                                0x00000000   Number         0  stubs.o ABSOLUTE
    _printf_p                                0x00000000   Number         0  stubs.o ABSOLUTE
    _printf_percent                          0x00000000   Number         0  stubs.o ABSOLUTE
    _printf_pre_padding                      0x00000000   Number         0  stubs.o ABSOLUTE
    _printf_return_value                     0x00000000   Number         0  stubs.o ABSOLUTE
    _printf_s                                0x00000000   Number         0  stubs.o ABSOLUTE
    _printf_sizespec                         0x00000000   Number         0  stubs.o ABSOLUTE
    _printf_str                              0x00000000   Number         0  stubs.o ABSOLUTE
    _printf_truncate_signed                  0x00000000   Number         0  stubs.o ABSOLUTE
    _printf_truncate_unsigned                0x00000000   Number         0  stubs.o ABSOLUTE
    _printf_u                                0x00000000   Number         0  stubs.o ABSOLUTE
    _printf_wc                               0x00000000   Number         0  stubs.o ABSOLUTE
    _printf_wctomb                           0x00000000   Number         0  stubs.o ABSOLUTE
    _printf_widthprec                        0x00000000   Number         0  stubs.o ABSOLUTE
    _printf_x                                0x00000000   Number         0  stubs.o ABSOLUTE
    __arm_fini_                               - Undefined Weak Reference
    __cpp_initialize__aeabi_                  - Undefined Weak Reference
    __cxa_finalize                            - Undefined Weak Reference
    _clock_init                               - Undefined Weak Reference
    _microlib_exit                            - Undefined Weak Reference
    __Vectors_Size                           0x000000ec   Number         0  startup_stm32f103xb.o ABSOLUTE
    __Vectors                                0x08000000   Data           4  startup_stm32f103xb.o(RESET)
    __Vectors_End                            0x080000ec   Data           0  startup_stm32f103xb.o(RESET)
    __main                                   0x080000ed   Thumb Code     0  entry.o(.ARM.Collect$$$$00000000)
    _main_stk                                0x080000ed   Thumb Code     0  entry2.o(.ARM.Collect$$$$00000001)
    _main_scatterload                        0x080000f1   Thumb Code     0  entry5.o(.ARM.Collect$$$$00000004)
    __main_after_scatterload                 0x080000f5   Thumb Code     0  entry5.o(.ARM.Collect$$$$00000004)
    _main_clock                              0x080000f5   Thumb Code     0  entry7b.o(.ARM.Collect$$$$00000008)
    _main_cpp_init                           0x080000f5   Thumb Code     0  entry8b.o(.ARM.Collect$$$$0000000A)
    _main_init                               0x080000f5   Thumb Code     0  entry9a.o(.ARM.Collect$$$$0000000B)
    __rt_lib_shutdown_fini                   0x080000fd   Thumb Code     0  entry12b.o(.ARM.Collect$$$$0000000E)
    __rt_final_cpp                           0x08000101   Thumb Code     0  entry10a.o(.ARM.Collect$$$$0000000F)
    __rt_final_exit                          0x08000101   Thumb Code     0  entry11a.o(.ARM.Collect$$$$00000011)
    SVC_Handler                              0x08000105   Thumb Code    32  port.o(.emb_text)
    __asm___6_port_c_39a90d8d__prvStartFirstTask 0x08000129   Thumb Code    28  port.o(.emb_text)
    PendSV_Handler                           0x08000149   Thumb Code    72  port.o(.emb_text)
    vPortGetIPSR                             0x08000195   Thumb Code     6  port.o(.emb_text)
    Reset_Handler                            0x0800019d   Thumb Code     8  startup_stm32f103xb.o(.text)
    ADC1_2_IRQHandler                        0x080001b7   Thumb Code     0  startup_stm32f103xb.o(.text)
    CAN1_RX1_IRQHandler                      0x080001b7   Thumb Code     0  startup_stm32f103xb.o(.text)
    CAN1_SCE_IRQHandler                      0x080001b7   Thumb Code     0  startup_stm32f103xb.o(.text)
    DMA1_Channel1_IRQHandler                 0x080001b7   Thumb Code     0  startup_stm32f103xb.o(.text)
    DMA1_Channel2_IRQHandler                 0x080001b7   Thumb Code     0  startup_stm32f103xb.o(.text)
    DMA1_Channel3_IRQHandler                 0x080001b7   Thumb Code     0  startup_stm32f103xb.o(.text)
    DMA1_Channel6_IRQHandler                 0x080001b7   Thumb Code     0  startup_stm32f103xb.o(.text)
    EXTI0_IRQHandler                         0x080001b7   Thumb Code     0  startup_stm32f103xb.o(.text)
    EXTI15_10_IRQHandler                     0x080001b7   Thumb Code     0  startup_stm32f103xb.o(.text)
    EXTI1_IRQHandler                         0x080001b7   Thumb Code     0  startup_stm32f103xb.o(.text)
    EXTI2_IRQHandler                         0x080001b7   Thumb Code     0  startup_stm32f103xb.o(.text)
    EXTI3_IRQHandler                         0x080001b7   Thumb Code     0  startup_stm32f103xb.o(.text)
    EXTI4_IRQHandler                         0x080001b7   Thumb Code     0  startup_stm32f103xb.o(.text)
    EXTI9_5_IRQHandler                       0x080001b7   Thumb Code     0  startup_stm32f103xb.o(.text)
    FLASH_IRQHandler                         0x080001b7   Thumb Code     0  startup_stm32f103xb.o(.text)
    I2C1_ER_IRQHandler                       0x080001b7   Thumb Code     0  startup_stm32f103xb.o(.text)
    I2C1_EV_IRQHandler                       0x080001b7   Thumb Code     0  startup_stm32f103xb.o(.text)
    I2C2_ER_IRQHandler                       0x080001b7   Thumb Code     0  startup_stm32f103xb.o(.text)
    I2C2_EV_IRQHandler                       0x080001b7   Thumb Code     0  startup_stm32f103xb.o(.text)
    PVD_IRQHandler                           0x080001b7   Thumb Code     0  startup_stm32f103xb.o(.text)
    RCC_IRQHandler                           0x080001b7   Thumb Code     0  startup_stm32f103xb.o(.text)
    RTC_Alarm_IRQHandler                     0x080001b7   Thumb Code     0  startup_stm32f103xb.o(.text)
    RTC_IRQHandler                           0x080001b7   Thumb Code     0  startup_stm32f103xb.o(.text)
    SPI1_IRQHandler                          0x080001b7   Thumb Code     0  startup_stm32f103xb.o(.text)
    SPI2_IRQHandler                          0x080001b7   Thumb Code     0  startup_stm32f103xb.o(.text)
    TAMPER_IRQHandler                        0x080001b7   Thumb Code     0  startup_stm32f103xb.o(.text)
    TIM1_BRK_IRQHandler                      0x080001b7   Thumb Code     0  startup_stm32f103xb.o(.text)
    TIM1_CC_IRQHandler                       0x080001b7   Thumb Code     0  startup_stm32f103xb.o(.text)
    TIM1_TRG_COM_IRQHandler                  0x080001b7   Thumb Code     0  startup_stm32f103xb.o(.text)
    TIM2_IRQHandler                          0x080001b7   Thumb Code     0  startup_stm32f103xb.o(.text)
    TIM3_IRQHandler                          0x080001b7   Thumb Code     0  startup_stm32f103xb.o(.text)
    TIM4_IRQHandler                          0x080001b7   Thumb Code     0  startup_stm32f103xb.o(.text)
    USART3_IRQHandler                        0x080001b7   Thumb Code     0  startup_stm32f103xb.o(.text)
    USBWakeUp_IRQHandler                     0x080001b7   Thumb Code     0  startup_stm32f103xb.o(.text)
    USB_HP_CAN1_TX_IRQHandler                0x080001b7   Thumb Code     0  startup_stm32f103xb.o(.text)
    WWDG_IRQHandler                          0x080001b7   Thumb Code     0  startup_stm32f103xb.o(.text)
    __aeabi_llsr                             0x080001c1   Thumb Code    32  llushr.o(.text)
    _ll_ushift_r                             0x080001c1   Thumb Code     0  llushr.o(.text)
    __aeabi_memcpy                           0x080001e1   Thumb Code    36  memcpya.o(.text)
    __aeabi_memcpy4                          0x080001e1   Thumb Code     0  memcpya.o(.text)
    __aeabi_memcpy8                          0x080001e1   Thumb Code     0  memcpya.o(.text)
    __aeabi_memset                           0x08000205   Thumb Code    14  memseta.o(.text)
    __aeabi_memset4                          0x08000205   Thumb Code     0  memseta.o(.text)
    __aeabi_memset8                          0x08000205   Thumb Code     0  memseta.o(.text)
    __aeabi_memclr                           0x08000213   Thumb Code     4  memseta.o(.text)
    __aeabi_memclr4                          0x08000213   Thumb Code     0  memseta.o(.text)
    __aeabi_memclr8                          0x08000213   Thumb Code     0  memseta.o(.text)
    memset                                   0x08000217   Thumb Code    18  memseta.o(.text)
    strcmp                                   0x08000229   Thumb Code    28  strcmp.o(.text)
    __aeabi_uldivmod                         0x08000245   Thumb Code    98  uldiv.o(.text)
    __scatterload                            0x080002a9   Thumb Code    28  init.o(.text)
    __scatterload_rt2                        0x080002a9   Thumb Code     0  init.o(.text)
    __aeabi_llsl                             0x080002cd   Thumb Code    30  llshl.o(.text)
    _ll_shift_l                              0x080002cd   Thumb Code     0  llshl.o(.text)
    __decompress                             0x080002eb   Thumb Code     0  __dczerorl2.o(.text)
    __decompress1                            0x080002eb   Thumb Code    86  __dczerorl2.o(.text)
    APL_Task                                 0x08000341   Thumb Code    52  apl_tack.o(i.APL_Task)
    BSP_Task                                 0x08000381   Thumb Code    84  device_init.o(i.BSP_Task)
    BusFault_Handler                         0x080003e9   Thumb Code     2  stm32f1xx_it.o(i.BusFault_Handler)
    CAN_Task                                 0x080003eb   Thumb Code    16  apl_tack.o(i.CAN_Task)
    DMA1_Channel4_IRQHandler                 0x080003fd   Thumb Code     6  stm32f1xx_it.o(i.DMA1_Channel4_IRQHandler)
    DMA1_Channel5_IRQHandler                 0x08000409   Thumb Code     6  stm32f1xx_it.o(i.DMA1_Channel5_IRQHandler)
    DMA1_Channel7_IRQHandler                 0x08000415   Thumb Code     6  stm32f1xx_it.o(i.DMA1_Channel7_IRQHandler)
    DebugMon_Handler                         0x0800044b   Thumb Code     2  stm32f1xx_it.o(i.DebugMon_Handler)
    Error_Handler                            0x0800044d   Thumb Code     4  main.o(i.Error_Handler)
    HAL_CAN_ActivateNotification             0x08000451   Thumb Code    36  stm32f1xx_hal_can.o(i.HAL_CAN_ActivateNotification)
    HAL_CAN_AddTxMessage                     0x08000475   Thumb Code   208  stm32f1xx_hal_can.o(i.HAL_CAN_AddTxMessage)
    HAL_CAN_DeInit                           0x08000545   Thumb Code    40  stm32f1xx_hal_can.o(i.HAL_CAN_DeInit)
    HAL_CAN_ErrorCallback                    0x0800056d   Thumb Code     2  stm32f1xx_hal_can.o(i.HAL_CAN_ErrorCallback)
    HAL_CAN_GetRxMessage                     0x0800056f   Thumb Code   244  stm32f1xx_hal_can.o(i.HAL_CAN_GetRxMessage)
    HAL_CAN_GetState                         0x08000663   Thumb Code    36  stm32f1xx_hal_can.o(i.HAL_CAN_GetState)
    HAL_CAN_GetTxMailboxesFreeLevel          0x08000687   Thumb Code    44  stm32f1xx_hal_can.o(i.HAL_CAN_GetTxMailboxesFreeLevel)
    HAL_CAN_IRQHandler                       0x080006b3   Thumb Code   508  stm32f1xx_hal_can.o(i.HAL_CAN_IRQHandler)
    HAL_CAN_Init                             0x080008af   Thumb Code   282  stm32f1xx_hal_can.o(i.HAL_CAN_Init)
    HAL_CAN_MspDeInit                        0x080009c9   Thumb Code    42  can.o(i.HAL_CAN_MspDeInit)
    HAL_CAN_MspInit                          0x08000a01   Thumb Code   112  can.o(i.HAL_CAN_MspInit)
    HAL_CAN_RxFifo0FullCallback              0x08000a7d   Thumb Code     2  stm32f1xx_hal_can.o(i.HAL_CAN_RxFifo0FullCallback)
    HAL_CAN_RxFifo0MsgPendingCallback        0x08000a81   Thumb Code    76  can_control.o(i.HAL_CAN_RxFifo0MsgPendingCallback)
    HAL_CAN_RxFifo1FullCallback              0x08000ad1   Thumb Code     2  stm32f1xx_hal_can.o(i.HAL_CAN_RxFifo1FullCallback)
    HAL_CAN_RxFifo1MsgPendingCallback        0x08000ad3   Thumb Code     2  stm32f1xx_hal_can.o(i.HAL_CAN_RxFifo1MsgPendingCallback)
    HAL_CAN_SleepCallback                    0x08000ad5   Thumb Code     2  stm32f1xx_hal_can.o(i.HAL_CAN_SleepCallback)
    HAL_CAN_Start                            0x08000ad9   Thumb Code    88  stm32f1xx_hal_can.o(i.HAL_CAN_Start)
    HAL_CAN_Stop                             0x08000b31   Thumb Code    96  stm32f1xx_hal_can.o(i.HAL_CAN_Stop)
    HAL_CAN_TxMailbox0AbortCallback          0x08000b91   Thumb Code     2  stm32f1xx_hal_can.o(i.HAL_CAN_TxMailbox0AbortCallback)
    HAL_CAN_TxMailbox0CompleteCallback       0x08000b93   Thumb Code     2  stm32f1xx_hal_can.o(i.HAL_CAN_TxMailbox0CompleteCallback)
    HAL_CAN_TxMailbox1AbortCallback          0x08000b95   Thumb Code     2  stm32f1xx_hal_can.o(i.HAL_CAN_TxMailbox1AbortCallback)
    HAL_CAN_TxMailbox1CompleteCallback       0x08000b97   Thumb Code     2  stm32f1xx_hal_can.o(i.HAL_CAN_TxMailbox1CompleteCallback)
    HAL_CAN_TxMailbox2AbortCallback          0x08000b99   Thumb Code     2  stm32f1xx_hal_can.o(i.HAL_CAN_TxMailbox2AbortCallback)
    HAL_CAN_TxMailbox2CompleteCallback       0x08000b9b   Thumb Code     2  stm32f1xx_hal_can.o(i.HAL_CAN_TxMailbox2CompleteCallback)
    HAL_CAN_WakeUpFromRxMsgCallback          0x08000b9d   Thumb Code     2  stm32f1xx_hal_can.o(i.HAL_CAN_WakeUpFromRxMsgCallback)
    HAL_DMA_Abort                            0x08000b9f   Thumb Code    70  stm32f1xx_hal_dma.o(i.HAL_DMA_Abort)
    HAL_DMA_Abort_IT                         0x08000be5   Thumb Code   148  stm32f1xx_hal_dma.o(i.HAL_DMA_Abort_IT)
    HAL_DMA_DeInit                           0x08000c7d   Thumb Code    84  stm32f1xx_hal_dma.o(i.HAL_DMA_DeInit)
    HAL_DMA_IRQHandler                       0x08000cd9   Thumb Code   316  stm32f1xx_hal_dma.o(i.HAL_DMA_IRQHandler)
    HAL_DMA_Init                             0x08000e2d   Thumb Code    84  stm32f1xx_hal_dma.o(i.HAL_DMA_Init)
    HAL_DMA_Start_IT                         0x08000e89   Thumb Code   112  stm32f1xx_hal_dma.o(i.HAL_DMA_Start_IT)
    HAL_GPIO_DeInit                          0x08000ef9   Thumb Code   254  stm32f1xx_hal_gpio.o(i.HAL_GPIO_DeInit)
    HAL_GPIO_Init                            0x08001011   Thumb Code   446  stm32f1xx_hal_gpio.o(i.HAL_GPIO_Init)
    HAL_GPIO_ReadPin                         0x080011f1   Thumb Code    10  stm32f1xx_hal_gpio.o(i.HAL_GPIO_ReadPin)
    HAL_GPIO_TogglePin                       0x080011fb   Thumb Code    16  stm32f1xx_hal_gpio.o(i.HAL_GPIO_TogglePin)
    HAL_GPIO_WritePin                        0x0800120b   Thumb Code    10  stm32f1xx_hal_gpio.o(i.HAL_GPIO_WritePin)
    HAL_GetTick                              0x08001215   Thumb Code     6  stm32f1xx_hal.o(i.HAL_GetTick)
    HAL_IncTick                              0x08001221   Thumb Code    12  stm32f1xx_hal.o(i.HAL_IncTick)
    HAL_Init                                 0x08001231   Thumb Code    32  stm32f1xx_hal.o(i.HAL_Init)
    HAL_InitTick                             0x08001255   Thumb Code    54  stm32f1xx_hal.o(i.HAL_InitTick)
    HAL_MspInit                              0x08001295   Thumb Code    62  stm32f1xx_hal_msp.o(i.HAL_MspInit)
    HAL_NVIC_DisableIRQ                      0x080012dd   Thumb Code    34  stm32f1xx_hal_cortex.o(i.HAL_NVIC_DisableIRQ)
    HAL_NVIC_EnableIRQ                       0x080012ff   Thumb Code    26  stm32f1xx_hal_cortex.o(i.HAL_NVIC_EnableIRQ)
    HAL_NVIC_SetPriority                     0x08001319   Thumb Code    60  stm32f1xx_hal_cortex.o(i.HAL_NVIC_SetPriority)
    HAL_NVIC_SetPriorityGrouping             0x08001359   Thumb Code    26  stm32f1xx_hal_cortex.o(i.HAL_NVIC_SetPriorityGrouping)
    HAL_RCC_ClockConfig                      0x0800137d   Thumb Code   280  stm32f1xx_hal_rcc.o(i.HAL_RCC_ClockConfig)
    HAL_RCC_GetPCLK1Freq                     0x080014a9   Thumb Code    20  stm32f1xx_hal_rcc.o(i.HAL_RCC_GetPCLK1Freq)
    HAL_RCC_GetPCLK2Freq                     0x080014c9   Thumb Code    20  stm32f1xx_hal_rcc.o(i.HAL_RCC_GetPCLK2Freq)
    HAL_RCC_GetSysClockFreq                  0x080014e9   Thumb Code    58  stm32f1xx_hal_rcc.o(i.HAL_RCC_GetSysClockFreq)
    HAL_RCC_OscConfig                        0x08001535   Thumb Code   778  stm32f1xx_hal_rcc.o(i.HAL_RCC_OscConfig)
    HAL_SYSTICK_Config                       0x08001855   Thumb Code    40  stm32f1xx_hal_cortex.o(i.HAL_SYSTICK_Config)
    HAL_TIMEx_BreakCallback                  0x0800187d   Thumb Code     2  stm32f1xx_hal_tim_ex.o(i.HAL_TIMEx_BreakCallback)
    HAL_TIMEx_CommutCallback                 0x0800187f   Thumb Code     2  stm32f1xx_hal_tim_ex.o(i.HAL_TIMEx_CommutCallback)
    HAL_TIMEx_MasterConfigSynchronization    0x08001881   Thumb Code    92  stm32f1xx_hal_tim_ex.o(i.HAL_TIMEx_MasterConfigSynchronization)
    HAL_TIM_Base_Init                        0x080018e9   Thumb Code    90  stm32f1xx_hal_tim.o(i.HAL_TIM_Base_Init)
    HAL_TIM_Base_MspInit                     0x08001945   Thumb Code    50  tim.o(i.HAL_TIM_Base_MspInit)
    HAL_TIM_ConfigClockSource                0x08001981   Thumb Code   220  stm32f1xx_hal_tim.o(i.HAL_TIM_ConfigClockSource)
    HAL_TIM_IC_CaptureCallback               0x08001a5d   Thumb Code     2  stm32f1xx_hal_tim.o(i.HAL_TIM_IC_CaptureCallback)
    HAL_TIM_IRQHandler                       0x08001a5f   Thumb Code   358  stm32f1xx_hal_tim.o(i.HAL_TIM_IRQHandler)
    HAL_TIM_OC_DelayElapsedCallback          0x08001bc5   Thumb Code     2  stm32f1xx_hal_tim.o(i.HAL_TIM_OC_DelayElapsedCallback)
    HAL_TIM_PWM_PulseFinishedCallback        0x08001bc7   Thumb Code     2  stm32f1xx_hal_tim.o(i.HAL_TIM_PWM_PulseFinishedCallback)
    HAL_TIM_PeriodElapsedCallback            0x08001bc9   Thumb Code     2  stm32f1xx_hal_tim.o(i.HAL_TIM_PeriodElapsedCallback)
    HAL_TIM_TriggerCallback                  0x08001bcb   Thumb Code     2  stm32f1xx_hal_tim.o(i.HAL_TIM_TriggerCallback)
    HAL_UARTEx_RxEventCallback               0x08001bcd   Thumb Code     2  stm32f1xx_hal_uart.o(i.HAL_UARTEx_RxEventCallback)
    HAL_UART_DMAStop                         0x08001bcf   Thumb Code   112  stm32f1xx_hal_uart.o(i.HAL_UART_DMAStop)
    HAL_UART_DeInit                          0x08001c3f   Thumb Code    54  stm32f1xx_hal_uart.o(i.HAL_UART_DeInit)
    HAL_UART_ErrorCallback                   0x08001c75   Thumb Code     2  stm32f1xx_hal_uart.o(i.HAL_UART_ErrorCallback)
    HAL_UART_IRQHandler                      0x08001c79   Thumb Code   616  stm32f1xx_hal_uart.o(i.HAL_UART_IRQHandler)
    HAL_UART_Init                            0x08001ee5   Thumb Code   100  stm32f1xx_hal_uart.o(i.HAL_UART_Init)
    HAL_UART_MspDeInit                       0x08001f49   Thumb Code    90  usart.o(i.HAL_UART_MspDeInit)
    HAL_UART_MspInit                         0x08001fb5   Thumb Code   330  usart.o(i.HAL_UART_MspInit)
    HAL_UART_Receive                         0x08002119   Thumb Code   172  stm32f1xx_hal_uart.o(i.HAL_UART_Receive)
    HAL_UART_Receive_DMA                     0x080021c5   Thumb Code    28  stm32f1xx_hal_uart.o(i.HAL_UART_Receive_DMA)
    HAL_UART_Receive_IT                      0x080021e1   Thumb Code    28  stm32f1xx_hal_uart.o(i.HAL_UART_Receive_IT)
    HAL_UART_RxCpltCallback                  0x080021fd   Thumb Code     2  stm32f1xx_hal_uart.o(i.HAL_UART_RxCpltCallback)
    HAL_UART_RxHalfCpltCallback              0x080021ff   Thumb Code     2  stm32f1xx_hal_uart.o(i.HAL_UART_RxHalfCpltCallback)
    HAL_UART_Transmit                        0x08002201   Thumb Code   154  stm32f1xx_hal_uart.o(i.HAL_UART_Transmit)
    HAL_UART_Transmit_DMA                    0x0800229d   Thumb Code   106  stm32f1xx_hal_uart.o(i.HAL_UART_Transmit_DMA)
    HAL_UART_Transmit_IT                     0x08002315   Thumb Code    50  stm32f1xx_hal_uart.o(i.HAL_UART_Transmit_IT)
    HAL_UART_TxCpltCallback                  0x08002347   Thumb Code     4  uart_control.o(i.HAL_UART_TxCpltCallback)
    HAL_UART_TxHalfCpltCallback              0x0800234b   Thumb Code     2  stm32f1xx_hal_uart.o(i.HAL_UART_TxHalfCpltCallback)
    HardFault_Handler                        0x0800234d   Thumb Code     2  stm32f1xx_it.o(i.HardFault_Handler)
    J1939_handle_task                        0x0800234f   Thumb Code    26  j1939.o(i.J1939_handle_task)
    J1939_rx_dequeue                         0x08002369   Thumb Code    66  j1939.o(i.J1939_rx_dequeue)
    J1939_rx_enqueue                         0x080023b1   Thumb Code   272  j1939.o(i.J1939_rx_enqueue)
    J1939_tx_dequeue                         0x08002571   Thumb Code   156  j1939.o(i.J1939_tx_dequeue)
    J1939_tx_enqueue                         0x08002615   Thumb Code   130  j1939.o(i.J1939_tx_enqueue)
    MX_CAN_Init                              0x080026a1   Thumb Code    58  can.o(i.MX_CAN_Init)
    MX_DMA_Init                              0x080026e5   Thumb Code    72  dma.o(i.MX_DMA_Init)
    MX_FREERTOS_Init                         0x08002731   Thumb Code    68  freertos.o(i.MX_FREERTOS_Init)
    MX_GPIO_Init                             0x0800278d   Thumb Code   206  gpio.o(i.MX_GPIO_Init)
    MX_TIM1_Init                             0x0800286d   Thumb Code    98  tim.o(i.MX_TIM1_Init)
    MX_USART1_UART_Init                      0x080028d9   Thumb Code    48  usart.o(i.MX_USART1_UART_Init)
    MX_USART2_UART_Init                      0x08002911   Thumb Code    48  usart.o(i.MX_USART2_UART_Init)
    MemManage_Handler                        0x08002949   Thumb Code     2  stm32f1xx_it.o(i.MemManage_Handler)
    NMI_Handler                              0x0800294b   Thumb Code     2  stm32f1xx_it.o(i.NMI_Handler)
    StartDefaultTask                         0x0800294d   Thumb Code     8  freertos.o(i.StartDefaultTask)
    SysTick_Handler                          0x08002955   Thumb Code    24  stm32f1xx_it.o(i.SysTick_Handler)
    SystemClock_Config                       0x0800296d   Thumb Code    98  main.o(i.SystemClock_Config)
    SystemInit                               0x080029cf   Thumb Code     2  system_stm32f1xx.o(i.SystemInit)
    TIM1_UP_IRQHandler                       0x080029d1   Thumb Code     6  stm32f1xx_it.o(i.TIM1_UP_IRQHandler)
    TIM_Base_SetConfig                       0x080029dd   Thumb Code    94  stm32f1xx_hal_tim.o(i.TIM_Base_SetConfig)
    TIM_ETR_SetConfig                        0x08002a49   Thumb Code    20  stm32f1xx_hal_tim.o(i.TIM_ETR_SetConfig)
    UART_Start_Receive_DMA                   0x08002de1   Thumb Code   130  stm32f1xx_hal_uart.o(i.UART_Start_Receive_DMA)
    UART_Start_Receive_IT                    0x08002e71   Thumb Code    54  stm32f1xx_hal_uart.o(i.UART_Start_Receive_IT)
    USART1_IRQHandler                        0x08002f21   Thumb Code   122  uart_control.o(i.USART1_IRQHandler)
    USART2_IRQHandler                        0x08002fad   Thumb Code     6  stm32f1xx_it.o(i.USART2_IRQHandler)
    USB_LP_CAN1_RX0_IRQHandler               0x08002fb9   Thumb Code     6  stm32f1xx_it.o(i.USB_LP_CAN1_RX0_IRQHandler)
    UsageFault_Handler                       0x08002fc5   Thumb Code     2  stm32f1xx_it.o(i.UsageFault_Handler)
    __0printf$8                              0x08002fc9   Thumb Code    22  printf8.o(i.__0printf$8)
    __1printf$8                              0x08002fc9   Thumb Code     0  printf8.o(i.__0printf$8)
    __2printf                                0x08002fc9   Thumb Code     0  printf8.o(i.__0printf$8)
    __scatterload_copy                       0x08003009   Thumb Code    14  handlers.o(i.__scatterload_copy)
    __scatterload_null                       0x08003017   Thumb Code     2  handlers.o(i.__scatterload_null)
    __scatterload_zeroinit                   0x08003019   Thumb Code    14  handlers.o(i.__scatterload_zeroinit)
    adc_stm32_control                        0x0800347f   Thumb Code    12  adc_control.o(i.adc_stm32_control)
    all_device_init                          0x0800348d   Thumb Code    96  device_init.o(i.all_device_init)
    can_protocol_handle_task                 0x080034f5   Thumb Code    14  can_protocol_handle.o(i.can_protocol_handle_task)
    can_protocol_rx                          0x08003503   Thumb Code   194  can_protocol_handle.o(i.can_protocol_rx)
    can_protocol_tx                          0x080035c5   Thumb Code   198  can_protocol_handle.o(i.can_protocol_tx)
    can_rx_dequeue                           0x08003691   Thumb Code    96  can_bus.o(i.can_rx_dequeue)
    can_rx_enqueue                           0x080036f5   Thumb Code   100  can_bus.o(i.can_rx_enqueue)
    can_send                                 0x080037a5   Thumb Code    44  can_bus.o(i.can_send)
    can_send_timer                           0x080037d9   Thumb Code   252  can_protocol_handle.o(i.can_send_timer)
    can_stm32_control                        0x080038dd   Thumb Code   176  can_control.o(i.can_stm32_control)
    can_tx_dequeue                           0x08003a41   Thumb Code   136  can_bus.o(i.can_tx_dequeue)
    can_tx_enqueue                           0x08003acd   Thumb Code   100  can_bus.o(i.can_tx_enqueue)
    can_tx_send_control_27930                0x08003b7d   Thumb Code    10  can_protocol_handle.o(i.can_tx_send_control_27930)
    crc8_calculate                           0x08003b87   Thumb Code    58  voyah_rf.o(i.crc8_calculate)
    device_control                           0x08003bc1   Thumb Code   134  device_control.o(i.device_control)
    fputc                                    0x08003c4d   Thumb Code    74  uart_bus.o(i.fputc)
    gpio_stm32_control                       0x08003ca1   Thumb Code   140  gpio_control.o(i.gpio_stm32_control)
    j1939_rx_handle                          0x08003db5   Thumb Code   130  j1939.o(i.j1939_rx_handle)
    j1939_rx_m_frame_handle                  0x08003e59   Thumb Code    22  j1939.o(i.j1939_rx_m_frame_handle)
    j1939_rx_s_frame_handle                  0x08003ebd   Thumb Code    56  j1939.o(i.j1939_rx_s_frame_handle)
    j1939_rx_tpcm_handle                     0x08003ef5   Thumb Code   570  j1939.o(i.j1939_rx_tpcm_handle)
    j1939_rx_tpdt_handle                     0x08004135   Thumb Code   288  j1939.o(i.j1939_rx_tpdt_handle)
    j1939_timer                              0x0800425d   Thumb Code   306  j1939.o(i.j1939_timer)
    j1939_timer_ctrl                         0x08004399   Thumb Code    40  j1939.o(i.j1939_timer_ctrl)
    j1939_tp_poll                            0x080043c9   Thumb Code   728  j1939.o(i.j1939_tp_poll)
    main                                     0x080046f1   Thumb Code    46  main.o(i.main)
    malloc                                   0x08004721   Thumb Code    92  malloc.o(i.malloc)
    manchester_encoded_hex                   0x0800478d   Thumb Code   150  voyah_rf.o(i.manchester_encoded_hex)
    osDelay                                  0x08004825   Thumb Code    46  cmsis_os2.o(i.osDelay)
    osKernelInitialize                       0x08004859   Thumb Code    50  cmsis_os2.o(i.osKernelInitialize)
    osKernelStart                            0x08004891   Thumb Code    58  cmsis_os2.o(i.osKernelStart)
    osThreadNew                              0x080048d1   Thumb Code   160  cmsis_os2.o(i.osThreadNew)
    protocol_handle_bcl                      0x08004975   Thumb Code    90  can_protocol_handle.o(i.protocol_handle_bcl)
    protocol_handle_bcp                      0x080049cf   Thumb Code   166  can_protocol_handle.o(i.protocol_handle_bcp)
    protocol_handle_bcs                      0x08004a75   Thumb Code   150  can_protocol_handle.o(i.protocol_handle_bcs)
    protocol_handle_bem                      0x08004b0b   Thumb Code   112  can_protocol_handle.o(i.protocol_handle_bem)
    protocol_handle_bhm                      0x08004b7b   Thumb Code    62  can_protocol_handle.o(i.protocol_handle_bhm)
    protocol_handle_brm                      0x08004bb9   Thumb Code   276  can_protocol_handle.o(i.protocol_handle_brm)
    protocol_handle_bro                      0x08004ccd   Thumb Code    56  can_protocol_handle.o(i.protocol_handle_bro)
    protocol_handle_bsd                      0x08004d05   Thumb Code   112  can_protocol_handle.o(i.protocol_handle_bsd)
    protocol_handle_bsm                      0x08004d75   Thumb Code   156  can_protocol_handle.o(i.protocol_handle_bsm)
    protocol_handle_bst                      0x08004e11   Thumb Code   246  can_protocol_handle.o(i.protocol_handle_bst)
    protocol_tx_handle_ccs                   0x08004f07   Thumb Code   146  can_protocol_handle.o(i.protocol_tx_handle_ccs)
    protocol_tx_handle_cem                   0x08004f99   Thumb Code   212  can_protocol_handle.o(i.protocol_tx_handle_cem)
    protocol_tx_handle_chm                   0x0800506d   Thumb Code   116  can_protocol_handle.o(i.protocol_tx_handle_chm)
    protocol_tx_handle_cml                   0x080050e1   Thumb Code   150  can_protocol_handle.o(i.protocol_tx_handle_cml)
    protocol_tx_handle_crm                   0x08005177   Thumb Code   152  can_protocol_handle.o(i.protocol_tx_handle_crm)
    protocol_tx_handle_cro                   0x0800520f   Thumb Code   104  can_protocol_handle.o(i.protocol_tx_handle_cro)
    protocol_tx_handle_csd                   0x08005277   Thumb Code   164  can_protocol_handle.o(i.protocol_tx_handle_csd)
    protocol_tx_handle_cst                   0x0800531b   Thumb Code   254  can_protocol_handle.o(i.protocol_tx_handle_cst)
    protocol_tx_handle_cts                   0x08005419   Thumb Code   144  can_protocol_handle.o(i.protocol_tx_handle_cts)
    pvPortMalloc                             0x08005c05   Thumb Code   210  heap_4.o(i.pvPortMalloc)
    pvTaskIncrementMutexHeldCount            0x08005cdd   Thumb Code    18  tasks.o(i.pvTaskIncrementMutexHeldCount)
    pxPortInitialiseStack                    0x08005cf5   Thumb Code    32  port.o(i.pxPortInitialiseStack)
    rf_command_send                          0x08005d19   Thumb Code   232  voyah_rf.o(i.rf_command_send)
    send_j1939_s_frame                       0x08005e0d   Thumb Code    56  j1939.o(i.send_j1939_s_frame)
    send_j1939_tp_frame                      0x08005e45   Thumb Code   382  j1939.o(i.send_j1939_tp_frame)
    share_data_init                          0x08005fc9   Thumb Code   168  share_data.o(i.share_data_init)
    share_data_read                          0x0800607d   Thumb Code   100  share_data.o(i.share_data_read)
    share_data_write                         0x080060fd   Thumb Code    88  share_data.o(i.share_data_write)
    uart_dma_tx_complete                     0x08006159   Thumb Code   140  uart_bus.o(i.uart_dma_tx_complete)
    uart_rx_enqueue                          0x080061fd   Thumb Code   122  uart_bus.o(i.uart_rx_enqueue)
    uart_send                                0x080062c5   Thumb Code    58  uart_bus.o(i.uart_send)
    uart_stm32_control                       0x08006331   Thumb Code   202  uart_control.o(i.uart_stm32_control)
    uart_tx_dequeue                          0x080064dd   Thumb Code    54  uart_bus.o(i.uart_tx_dequeue)
    uart_tx_enqueue                          0x0800651d   Thumb Code   122  uart_bus.o(i.uart_tx_enqueue)
    uxListRemove                             0x080065e5   Thumb Code    38  list.o(i.uxListRemove)
    vApplicationGetIdleTaskMemory            0x0800660d   Thumb Code    16  cmsis_os2.o(i.vApplicationGetIdleTaskMemory)
    vApplicationGetTimerTaskMemory           0x08006621   Thumb Code    18  cmsis_os2.o(i.vApplicationGetTimerTaskMemory)
    vListInitialise                          0x08006639   Thumb Code    22  list.o(i.vListInitialise)
    vListInitialiseItem                      0x0800664f   Thumb Code     6  list.o(i.vListInitialiseItem)
    vListInsert                              0x08006655   Thumb Code    48  list.o(i.vListInsert)
    vListInsertEnd                           0x08006685   Thumb Code    24  list.o(i.vListInsertEnd)
    vPortEnterCritical                       0x0800669d   Thumb Code    54  port.o(i.vPortEnterCritical)
    vPortExitCritical                        0x080066dd   Thumb Code    34  port.o(i.vPortExitCritical)
    vPortFree                                0x08006705   Thumb Code    88  heap_4.o(i.vPortFree)
    vPortSetupTimerInterrupt                 0x08006761   Thumb Code    32  port.o(i.vPortSetupTimerInterrupt)
    vPortValidateInterruptPriority           0x08006785   Thumb Code    74  port.o(i.vPortValidateInterruptPriority)
    vQueueAddToRegistry                      0x080067d9   Thumb Code    34  queue.o(i.vQueueAddToRegistry)
    vQueueWaitForMessageRestricted           0x08006801   Thumb Code    68  queue.o(i.vQueueWaitForMessageRestricted)
    vTaskDelay                               0x08006845   Thumb Code    66  tasks.o(i.vTaskDelay)
    vTaskInternalSetTimeOutState             0x08006891   Thumb Code    12  tasks.o(i.vTaskInternalSetTimeOutState)
    vTaskMissedYield                         0x080068a1   Thumb Code     8  tasks.o(i.vTaskMissedYield)
    vTaskPlaceOnEventList                    0x080068ad   Thumb Code    44  tasks.o(i.vTaskPlaceOnEventList)
    vTaskPlaceOnEventListRestricted          0x080068dd   Thumb Code    52  tasks.o(i.vTaskPlaceOnEventListRestricted)
    vTaskPriorityDisinheritAfterTimeout      0x08006915   Thumb Code   134  tasks.o(i.vTaskPriorityDisinheritAfterTimeout)
    vTaskStartScheduler                      0x080069a5   Thumb Code   118  tasks.o(i.vTaskStartScheduler)
    vTaskSuspendAll                          0x08006a2d   Thumb Code    10  tasks.o(i.vTaskSuspendAll)
    vTaskSwitchContext                       0x08006a3d   Thumb Code    90  tasks.o(i.vTaskSwitchContext)
    xPortStartScheduler                      0x08006aa1   Thumb Code   154  port.o(i.xPortStartScheduler)
    xPortSysTickHandler                      0x08006b49   Thumb Code    38  port.o(i.xPortSysTickHandler)
    xQueueCreateMutex                        0x08006b75   Thumb Code    22  queue.o(i.xQueueCreateMutex)
    xQueueGenericCreate                      0x08006b8b   Thumb Code    72  queue.o(i.xQueueGenericCreate)
    xQueueGenericCreateStatic                0x08006bd3   Thumb Code   102  queue.o(i.xQueueGenericCreateStatic)
    xQueueGenericReset                       0x08006c39   Thumb Code   132  queue.o(i.xQueueGenericReset)
    xQueueGenericSend                        0x08006cc1   Thumb Code   346  queue.o(i.xQueueGenericSend)
    xQueueGenericSendFromISR                 0x08006e21   Thumb Code   188  queue.o(i.xQueueGenericSendFromISR)
    xQueueReceive                            0x08006edd   Thumb Code   308  queue.o(i.xQueueReceive)
    xQueueSemaphoreTake                      0x08007015   Thumb Code   372  queue.o(i.xQueueSemaphoreTake)
    xTaskCheckForTimeOut                     0x0800718d   Thumb Code   112  tasks.o(i.xTaskCheckForTimeOut)
    xTaskCreate                              0x08007201   Thumb Code    90  tasks.o(i.xTaskCreate)
    xTaskCreateStatic                        0x0800725b   Thumb Code    86  tasks.o(i.xTaskCreateStatic)
    xTaskGetSchedulerState                   0x080072b1   Thumb Code    22  tasks.o(i.xTaskGetSchedulerState)
    xTaskGetTickCount                        0x080072cd   Thumb Code     6  tasks.o(i.xTaskGetTickCount)
    xTaskIncrementTick                       0x080072d9   Thumb Code   190  tasks.o(i.xTaskIncrementTick)
    xTaskPriorityDisinherit                  0x080073a1   Thumb Code   118  tasks.o(i.xTaskPriorityDisinherit)
    xTaskPriorityInherit                     0x08007421   Thumb Code   112  tasks.o(i.xTaskPriorityInherit)
    xTaskRemoveFromEventList                 0x08007499   Thumb Code    98  tasks.o(i.xTaskRemoveFromEventList)
    xTaskResumeAll                           0x08007509   Thumb Code   182  tasks.o(i.xTaskResumeAll)
    xTimerCreateTimerTask                    0x080075cd   Thumb Code    78  timers.o(i.xTimerCreateTimerTask)
    xTimerGenericCommand                     0x0800762d   Thumb Code    98  timers.o(i.xTimerGenericCommand)
    defaultTask_attributes                   0x08007694   Data          36  freertos.o(.constdata)
    BSP_Task1_attributes                     0x080076b8   Data          36  freertos.o(.constdata)
    APL_Task1_attributes                     0x080076dc   Data          36  freertos.o(.constdata)
    CAN_Task1_attributes                     0x08007700   Data          36  freertos.o(.constdata)
    AHBPrescTable                            0x08007736   Data          16  system_stm32f1xx.o(.constdata)
    APBPrescTable                            0x08007746   Data           8  system_stm32f1xx.o(.constdata)
    frame_attribute_27930                    0x08007790   Data         264  can_protocol_handle.o(.constdata)
    long_frame_preamble                      0x08007898   Data           2  voyah_rf.o(.constdata)
    long_frame_start_bit_id                  0x0800789a   Data           2  voyah_rf.o(.constdata)
    button_release_start_bit_id              0x0800789c   Data           2  voyah_rf.o(.constdata)
    long_frame_reserved                      0x0800789e   Data           4  voyah_rf.o(.constdata)
    button_release_preamble                  0x080078a2   Data           8  voyah_rf.o(.constdata)
    Region$$Table$$Base                      0x08007990   Number         0  anon$$obj.o(Region$$Table)
    Region$$Table$$Limit                     0x080079b0   Number         0  anon$$obj.o(Region$$Table)
    defaultTaskHandle                        0x20000000   Data           4  freertos.o(.data)
    BSP_Task1Handle                          0x20000004   Data           4  freertos.o(.data)
    APL_Task1Handle                          0x20000008   Data           4  freertos.o(.data)
    CAN_Task1Handle                          0x2000000c   Data           4  freertos.o(.data)
    uwTickFreq                               0x20000010   Data           1  stm32f1xx_hal.o(.data)
    uwTickPrio                               0x20000014   Data           4  stm32f1xx_hal.o(.data)
    uwTick                                   0x20000018   Data           4  stm32f1xx_hal.o(.data)
    SystemCoreClock                          0x2000001c   Data           4  system_stm32f1xx.o(.data)
    pxCurrentTCB                             0x20000020   Data           4  tasks.o(.data)
    uart_addr                                0x20000699   Data           2  uart_bus.o(.data)
    can_addr                                 0x20000ca1   Data           1  can_bus.o(.data)
    g_can_rx_data_pointer                    0x20000ca4   Data           8  can_bus.o(.data)
    g_can_tx_data_pointer                    0x20000cac   Data           8  can_bus.o(.data)
    g_j1939_rx_data_pointer                  0x20000cb4   Data           8  j1939.o(.data)
    g_j1939_tx_data_pointer                  0x20000cbc   Data           8  j1939.o(.data)
    can_dev_list                             0x20000ccc   Data           4  device_init.o(.data)
    uart_dev_list                            0x20000cd0   Data           8  device_init.o(.data)
    gpio_init_config                         0x20000cd8   Data         360  device_init.o(.data)
    gpio_dev_list                            0x20000e40   Data          60  device_init.o(.data)
    uart_init_config                         0x20000e80   Data          48  device_init.o(.data)
    can_init_config                          0x20000eb0   Data          24  device_init.o(.data)
    long_frame_gun_maker                     0x20000ec9   Data           4  voyah_rf.o(.data)
    long_frame_data                          0x20000ecd   Data           6  voyah_rf.o(.data)
    button_release_data                      0x20000ed3   Data           6  voyah_rf.o(.data)
    __stdout                                 0x20000edc   Data           4  stdout.o(.data)
    __microlib_freelist                      0x20000ee0   Data           4  mvars.o(.data)
    __microlib_freelist_initialised          0x20000ee4   Data           4  mvars.o(.data)
    hcan                                     0x20000ee8   Data          40  can.o(.bss)
    htim1                                    0x20000f10   Data          72  tim.o(.bss)
    huart1                                   0x20000f58   Data          72  usart.o(.bss)
    huart2                                   0x20000fa0   Data          72  usart.o(.bss)
    hdma_usart1_rx                           0x20000fe8   Data          68  usart.o(.bss)
    hdma_usart1_tx                           0x2000102c   Data          68  usart.o(.bss)
    hdma_usart2_tx                           0x20001070   Data          68  usart.o(.bss)
    xQueueRegistry                           0x200010b4   Data          64  queue.o(.bss)
    uart1_rx_buf                             0x20003188   Data          50  uart_control.o(.bss)
    s_uart_rx_data_queue                     0x200031f0   Data         336  uart_bus.o(.bss)
    s_uart_rx_data_pointer                   0x20003340   Data          16  uart_bus.o(.bss)
    s_uart_tx_data_queue                     0x20003350   Data         336  uart_bus.o(.bss)
    s_uart_tx_data_pointer                   0x200034a0   Data          16  uart_bus.o(.bss)
    g_can_rx_data_queue                      0x200034b0   Data         200  can_bus.o(.bss)
    g_can_tx_data_queue                      0x20003578   Data         200  can_bus.o(.bss)
    g_j1939_rx_data_queue                    0x20003640   Data        1800  j1939.o(.bss)
    g_j1939_tx_data_queue                    0x20003d48   Data        1800  j1939.o(.bss)
    j1939_rx_tp_msg                          0x20004450   Data         404  j1939.o(.bss)
    j1939_tx_tp_msg                          0x200045e4   Data         404  j1939.o(.bss)
    tpcm_abort                               0x20004778   Data         404  j1939.o(.bss)
    share_data                               0x2000491c   Data          16  share_data.o(.bss)
    frame_send_timer_27930                   0x2000492c   Data         176  can_protocol_handle.o(.bss)
    long_preamble                            0x200049dc   Data          25  voyah_rf.o(.bss)
    long_frame                               0x200049f5   Data          19  voyah_rf.o(.bss)
    button_release                           0x20004a08   Data          17  voyah_rf.o(.bss)
    __heap_base                              0x20004a20   Data           0  startup_stm32f103xb.o(HEAP)
    __heap_limit                             0x20004b20   Data           0  startup_stm32f103xb.o(HEAP)
    __initial_sp                             0x20004d20   Data           0  startup_stm32f103xb.o(STACK)



==============================================================================

Memory Map of the image

  Image Entry point : 0x080000ed

  Load Region LR_IROM1 (Base: 0x08000000, Size: 0x00008898, Max: 0x00020000, ABSOLUTE, COMPRESSED[0x00007bd8])

    Execution Region ER_IROM1 (Exec base: 0x08000000, Load base: 0x08000000, Size: 0x000079b0, Max: 0x00020000, ABSOLUTE)

    Exec Addr    Load Addr    Size         Type   Attr      Idx    E Section Name        Object

    0x08000000   0x08000000   0x000000ec   Data   RO            3    RESET               startup_stm32f103xb.o
    0x080000ec   0x080000ec   0x00000000   Code   RO         5908  * .ARM.Collect$$$$00000000  mc_w.l(entry.o)
    0x080000ec   0x080000ec   0x00000004   Code   RO         6214    .ARM.Collect$$$$00000001  mc_w.l(entry2.o)
    0x080000f0   0x080000f0   0x00000004   Code   RO         6217    .ARM.Collect$$$$00000004  mc_w.l(entry5.o)
    0x080000f4   0x080000f4   0x00000000   Code   RO         6219    .ARM.Collect$$$$00000008  mc_w.l(entry7b.o)
    0x080000f4   0x080000f4   0x00000000   Code   RO         6221    .ARM.Collect$$$$0000000A  mc_w.l(entry8b.o)
    0x080000f4   0x080000f4   0x00000008   Code   RO         6222    .ARM.Collect$$$$0000000B  mc_w.l(entry9a.o)
    0x080000fc   0x080000fc   0x00000004   Code   RO         6229    .ARM.Collect$$$$0000000E  mc_w.l(entry12b.o)
    0x08000100   0x08000100   0x00000000   Code   RO         6224    .ARM.Collect$$$$0000000F  mc_w.l(entry10a.o)
    0x08000100   0x08000100   0x00000000   Code   RO         6226    .ARM.Collect$$$$00000011  mc_w.l(entry11a.o)
    0x08000100   0x08000100   0x00000004   Code   RO         6215    .ARM.Collect$$$$00002712  mc_w.l(entry2.o)
    0x08000104   0x08000104   0x00000096   Code   RO         4820    .emb_text           port.o
    0x0800019a   0x0800019a   0x00000002   PAD
    0x0800019c   0x0800019c   0x00000024   Code   RO            4    .text               startup_stm32f103xb.o
    0x080001c0   0x080001c0   0x00000020   Code   RO         5911    .text               mc_w.l(llushr.o)
    0x080001e0   0x080001e0   0x00000024   Code   RO         5913    .text               mc_w.l(memcpya.o)
    0x08000204   0x08000204   0x00000024   Code   RO         5917    .text               mc_w.l(memseta.o)
    0x08000228   0x08000228   0x0000001c   Code   RO         5921    .text               mc_w.l(strcmp.o)
    0x08000244   0x08000244   0x00000062   Code   RO         6233    .text               mc_w.l(uldiv.o)
    0x080002a6   0x080002a6   0x00000002   PAD
    0x080002a8   0x080002a8   0x00000024   Code   RO         6248    .text               mc_w.l(init.o)
    0x080002cc   0x080002cc   0x0000001e   Code   RO         6250    .text               mc_w.l(llshl.o)
    0x080002ea   0x080002ea   0x00000056   Code   RO         6264    .text               mc_w.l(__dczerorl2.o)
    0x08000340   0x08000340   0x00000040   Code   RO         5634    i.APL_Task          apl_tack.o
    0x08000380   0x08000380   0x00000068   Code   RO         5378    i.BSP_Task          device_init.o
    0x080003e8   0x080003e8   0x00000002   Code   RO          500    i.BusFault_Handler  stm32f1xx_it.o
    0x080003ea   0x080003ea   0x00000010   Code   RO         5635    i.CAN_Task          apl_tack.o
    0x080003fa   0x080003fa   0x00000002   PAD
    0x080003fc   0x080003fc   0x0000000c   Code   RO          501    i.DMA1_Channel4_IRQHandler  stm32f1xx_it.o
    0x08000408   0x08000408   0x0000000c   Code   RO          502    i.DMA1_Channel5_IRQHandler  stm32f1xx_it.o
    0x08000414   0x08000414   0x0000000c   Code   RO          503    i.DMA1_Channel7_IRQHandler  stm32f1xx_it.o
    0x08000420   0x08000420   0x0000002a   Code   RO         1280    i.DMA_SetConfig     stm32f1xx_hal_dma.o
    0x0800044a   0x0800044a   0x00000002   Code   RO          504    i.DebugMon_Handler  stm32f1xx_it.o
    0x0800044c   0x0800044c   0x00000004   Code   RO           13    i.Error_Handler     main.o
    0x08000450   0x08000450   0x00000024   Code   RO          667    i.HAL_CAN_ActivateNotification  stm32f1xx_hal_can.o
    0x08000474   0x08000474   0x000000d0   Code   RO          668    i.HAL_CAN_AddTxMessage  stm32f1xx_hal_can.o
    0x08000544   0x08000544   0x00000028   Code   RO          670    i.HAL_CAN_DeInit    stm32f1xx_hal_can.o
    0x0800056c   0x0800056c   0x00000002   Code   RO          672    i.HAL_CAN_ErrorCallback  stm32f1xx_hal_can.o
    0x0800056e   0x0800056e   0x000000f4   Code   RO          675    i.HAL_CAN_GetRxMessage  stm32f1xx_hal_can.o
    0x08000662   0x08000662   0x00000024   Code   RO          676    i.HAL_CAN_GetState  stm32f1xx_hal_can.o
    0x08000686   0x08000686   0x0000002c   Code   RO          677    i.HAL_CAN_GetTxMailboxesFreeLevel  stm32f1xx_hal_can.o
    0x080006b2   0x080006b2   0x000001fc   Code   RO          679    i.HAL_CAN_IRQHandler  stm32f1xx_hal_can.o
    0x080008ae   0x080008ae   0x0000011a   Code   RO          680    i.HAL_CAN_Init      stm32f1xx_hal_can.o
    0x080009c8   0x080009c8   0x00000038   Code   RO          314    i.HAL_CAN_MspDeInit  can.o
    0x08000a00   0x08000a00   0x0000007c   Code   RO          315    i.HAL_CAN_MspInit   can.o
    0x08000a7c   0x08000a7c   0x00000002   Code   RO          687    i.HAL_CAN_RxFifo0FullCallback  stm32f1xx_hal_can.o
    0x08000a7e   0x08000a7e   0x00000002   PAD
    0x08000a80   0x08000a80   0x00000050   Code   RO         5025    i.HAL_CAN_RxFifo0MsgPendingCallback  can_control.o
    0x08000ad0   0x08000ad0   0x00000002   Code   RO          689    i.HAL_CAN_RxFifo1FullCallback  stm32f1xx_hal_can.o
    0x08000ad2   0x08000ad2   0x00000002   Code   RO          690    i.HAL_CAN_RxFifo1MsgPendingCallback  stm32f1xx_hal_can.o
    0x08000ad4   0x08000ad4   0x00000002   Code   RO          691    i.HAL_CAN_SleepCallback  stm32f1xx_hal_can.o
    0x08000ad6   0x08000ad6   0x00000002   PAD
    0x08000ad8   0x08000ad8   0x00000058   Code   RO          692    i.HAL_CAN_Start     stm32f1xx_hal_can.o
    0x08000b30   0x08000b30   0x00000060   Code   RO          693    i.HAL_CAN_Stop      stm32f1xx_hal_can.o
    0x08000b90   0x08000b90   0x00000002   Code   RO          694    i.HAL_CAN_TxMailbox0AbortCallback  stm32f1xx_hal_can.o
    0x08000b92   0x08000b92   0x00000002   Code   RO          695    i.HAL_CAN_TxMailbox0CompleteCallback  stm32f1xx_hal_can.o
    0x08000b94   0x08000b94   0x00000002   Code   RO          696    i.HAL_CAN_TxMailbox1AbortCallback  stm32f1xx_hal_can.o
    0x08000b96   0x08000b96   0x00000002   Code   RO          697    i.HAL_CAN_TxMailbox1CompleteCallback  stm32f1xx_hal_can.o
    0x08000b98   0x08000b98   0x00000002   Code   RO          698    i.HAL_CAN_TxMailbox2AbortCallback  stm32f1xx_hal_can.o
    0x08000b9a   0x08000b9a   0x00000002   Code   RO          699    i.HAL_CAN_TxMailbox2CompleteCallback  stm32f1xx_hal_can.o
    0x08000b9c   0x08000b9c   0x00000002   Code   RO          701    i.HAL_CAN_WakeUpFromRxMsgCallback  stm32f1xx_hal_can.o
    0x08000b9e   0x08000b9e   0x00000046   Code   RO         1281    i.HAL_DMA_Abort     stm32f1xx_hal_dma.o
    0x08000be4   0x08000be4   0x00000098   Code   RO         1282    i.HAL_DMA_Abort_IT  stm32f1xx_hal_dma.o
    0x08000c7c   0x08000c7c   0x0000005c   Code   RO         1283    i.HAL_DMA_DeInit    stm32f1xx_hal_dma.o
    0x08000cd8   0x08000cd8   0x00000154   Code   RO         1286    i.HAL_DMA_IRQHandler  stm32f1xx_hal_dma.o
    0x08000e2c   0x08000e2c   0x0000005c   Code   RO         1287    i.HAL_DMA_Init      stm32f1xx_hal_dma.o
    0x08000e88   0x08000e88   0x00000070   Code   RO         1291    i.HAL_DMA_Start_IT  stm32f1xx_hal_dma.o
    0x08000ef8   0x08000ef8   0x00000118   Code   RO         1214    i.HAL_GPIO_DeInit   stm32f1xx_hal_gpio.o
    0x08001010   0x08001010   0x000001e0   Code   RO         1217    i.HAL_GPIO_Init     stm32f1xx_hal_gpio.o
    0x080011f0   0x080011f0   0x0000000a   Code   RO         1219    i.HAL_GPIO_ReadPin  stm32f1xx_hal_gpio.o
    0x080011fa   0x080011fa   0x00000010   Code   RO         1220    i.HAL_GPIO_TogglePin  stm32f1xx_hal_gpio.o
    0x0800120a   0x0800120a   0x0000000a   Code   RO         1221    i.HAL_GPIO_WritePin  stm32f1xx_hal_gpio.o
    0x08001214   0x08001214   0x0000000c   Code   RO          911    i.HAL_GetTick       stm32f1xx_hal.o
    0x08001220   0x08001220   0x00000010   Code   RO          917    i.HAL_IncTick       stm32f1xx_hal.o
    0x08001230   0x08001230   0x00000024   Code   RO          918    i.HAL_Init          stm32f1xx_hal.o
    0x08001254   0x08001254   0x00000040   Code   RO          919    i.HAL_InitTick      stm32f1xx_hal.o
    0x08001294   0x08001294   0x00000048   Code   RO          606    i.HAL_MspInit       stm32f1xx_hal_msp.o
    0x080012dc   0x080012dc   0x00000022   Code   RO         1376    i.HAL_NVIC_DisableIRQ  stm32f1xx_hal_cortex.o
    0x080012fe   0x080012fe   0x0000001a   Code   RO         1377    i.HAL_NVIC_EnableIRQ  stm32f1xx_hal_cortex.o
    0x08001318   0x08001318   0x00000040   Code   RO         1383    i.HAL_NVIC_SetPriority  stm32f1xx_hal_cortex.o
    0x08001358   0x08001358   0x00000024   Code   RO         1384    i.HAL_NVIC_SetPriorityGrouping  stm32f1xx_hal_cortex.o
    0x0800137c   0x0800137c   0x0000012c   Code   RO         1075    i.HAL_RCC_ClockConfig  stm32f1xx_hal_rcc.o
    0x080014a8   0x080014a8   0x00000020   Code   RO         1082    i.HAL_RCC_GetPCLK1Freq  stm32f1xx_hal_rcc.o
    0x080014c8   0x080014c8   0x00000020   Code   RO         1083    i.HAL_RCC_GetPCLK2Freq  stm32f1xx_hal_rcc.o
    0x080014e8   0x080014e8   0x0000004c   Code   RO         1084    i.HAL_RCC_GetSysClockFreq  stm32f1xx_hal_rcc.o
    0x08001534   0x08001534   0x00000320   Code   RO         1087    i.HAL_RCC_OscConfig  stm32f1xx_hal_rcc.o
    0x08001854   0x08001854   0x00000028   Code   RO         1388    i.HAL_SYSTICK_Config  stm32f1xx_hal_cortex.o
    0x0800187c   0x0800187c   0x00000002   Code   RO         2613    i.HAL_TIMEx_BreakCallback  stm32f1xx_hal_tim_ex.o
    0x0800187e   0x0800187e   0x00000002   Code   RO         2614    i.HAL_TIMEx_CommutCallback  stm32f1xx_hal_tim_ex.o
    0x08001880   0x08001880   0x00000068   Code   RO         2632    i.HAL_TIMEx_MasterConfigSynchronization  stm32f1xx_hal_tim_ex.o
    0x080018e8   0x080018e8   0x0000005a   Code   RO         1909    i.HAL_TIM_Base_Init  stm32f1xx_hal_tim.o
    0x08001942   0x08001942   0x00000002   PAD
    0x08001944   0x08001944   0x0000003c   Code   RO          411    i.HAL_TIM_Base_MspInit  tim.o
    0x08001980   0x08001980   0x000000dc   Code   RO         1918    i.HAL_TIM_ConfigClockSource  stm32f1xx_hal_tim.o
    0x08001a5c   0x08001a5c   0x00000002   Code   RO         1943    i.HAL_TIM_IC_CaptureCallback  stm32f1xx_hal_tim.o
    0x08001a5e   0x08001a5e   0x00000166   Code   RO         1957    i.HAL_TIM_IRQHandler  stm32f1xx_hal_tim.o
    0x08001bc4   0x08001bc4   0x00000002   Code   RO         1960    i.HAL_TIM_OC_DelayElapsedCallback  stm32f1xx_hal_tim.o
    0x08001bc6   0x08001bc6   0x00000002   Code   RO         1987    i.HAL_TIM_PWM_PulseFinishedCallback  stm32f1xx_hal_tim.o
    0x08001bc8   0x08001bc8   0x00000002   Code   RO         1995    i.HAL_TIM_PeriodElapsedCallback  stm32f1xx_hal_tim.o
    0x08001bca   0x08001bca   0x00000002   Code   RO         2000    i.HAL_TIM_TriggerCallback  stm32f1xx_hal_tim.o
    0x08001bcc   0x08001bcc   0x00000002   Code   RO         2892    i.HAL_UARTEx_RxEventCallback  stm32f1xx_hal_uart.o
    0x08001bce   0x08001bce   0x00000070   Code   RO         2904    i.HAL_UART_DMAStop  stm32f1xx_hal_uart.o
    0x08001c3e   0x08001c3e   0x00000036   Code   RO         2905    i.HAL_UART_DeInit   stm32f1xx_hal_uart.o
    0x08001c74   0x08001c74   0x00000002   Code   RO         2906    i.HAL_UART_ErrorCallback  stm32f1xx_hal_uart.o
    0x08001c76   0x08001c76   0x00000002   PAD
    0x08001c78   0x08001c78   0x0000026c   Code   RO         2909    i.HAL_UART_IRQHandler  stm32f1xx_hal_uart.o
    0x08001ee4   0x08001ee4   0x00000064   Code   RO         2910    i.HAL_UART_Init     stm32f1xx_hal_uart.o
    0x08001f48   0x08001f48   0x0000006c   Code   RO          452    i.HAL_UART_MspDeInit  usart.o
    0x08001fb4   0x08001fb4   0x00000164   Code   RO          453    i.HAL_UART_MspInit  usart.o
    0x08002118   0x08002118   0x000000ac   Code   RO         2913    i.HAL_UART_Receive  stm32f1xx_hal_uart.o
    0x080021c4   0x080021c4   0x0000001c   Code   RO         2914    i.HAL_UART_Receive_DMA  stm32f1xx_hal_uart.o
    0x080021e0   0x080021e0   0x0000001c   Code   RO         2915    i.HAL_UART_Receive_IT  stm32f1xx_hal_uart.o
    0x080021fc   0x080021fc   0x00000002   Code   RO         2916    i.HAL_UART_RxCpltCallback  stm32f1xx_hal_uart.o
    0x080021fe   0x080021fe   0x00000002   Code   RO         2917    i.HAL_UART_RxHalfCpltCallback  stm32f1xx_hal_uart.o
    0x08002200   0x08002200   0x0000009a   Code   RO         2918    i.HAL_UART_Transmit  stm32f1xx_hal_uart.o
    0x0800229a   0x0800229a   0x00000002   PAD
    0x0800229c   0x0800229c   0x00000078   Code   RO         2919    i.HAL_UART_Transmit_DMA  stm32f1xx_hal_uart.o
    0x08002314   0x08002314   0x00000032   Code   RO         2920    i.HAL_UART_Transmit_IT  stm32f1xx_hal_uart.o
    0x08002346   0x08002346   0x00000004   Code   RO         4964    i.HAL_UART_TxCpltCallback  uart_control.o
    0x0800234a   0x0800234a   0x00000002   Code   RO         2922    i.HAL_UART_TxHalfCpltCallback  stm32f1xx_hal_uart.o
    0x0800234c   0x0800234c   0x00000002   Code   RO          505    i.HardFault_Handler  stm32f1xx_it.o
    0x0800234e   0x0800234e   0x0000001a   Code   RO         5248    i.J1939_handle_task  j1939.o
    0x08002368   0x08002368   0x00000048   Code   RO         5249    i.J1939_rx_dequeue  j1939.o
    0x080023b0   0x080023b0   0x000001c0   Code   RO         5250    i.J1939_rx_enqueue  j1939.o
    0x08002570   0x08002570   0x000000a4   Code   RO         5251    i.J1939_tx_dequeue  j1939.o
    0x08002614   0x08002614   0x0000008c   Code   RO         5252    i.J1939_tx_enqueue  j1939.o
    0x080026a0   0x080026a0   0x00000044   Code   RO          316    i.MX_CAN_Init       can.o
    0x080026e4   0x080026e4   0x0000004c   Code   RO          356    i.MX_DMA_Init       dma.o
    0x08002730   0x08002730   0x0000005c   Code   RO          219    i.MX_FREERTOS_Init  freertos.o
    0x0800278c   0x0800278c   0x000000e0   Code   RO          192    i.MX_GPIO_Init      gpio.o
    0x0800286c   0x0800286c   0x0000006c   Code   RO          412    i.MX_TIM1_Init      tim.o
    0x080028d8   0x080028d8   0x00000038   Code   RO          454    i.MX_USART1_UART_Init  usart.o
    0x08002910   0x08002910   0x00000038   Code   RO          455    i.MX_USART2_UART_Init  usart.o
    0x08002948   0x08002948   0x00000002   Code   RO          506    i.MemManage_Handler  stm32f1xx_it.o
    0x0800294a   0x0800294a   0x00000002   Code   RO          507    i.NMI_Handler       stm32f1xx_it.o
    0x0800294c   0x0800294c   0x00000008   Code   RO          220    i.StartDefaultTask  freertos.o
    0x08002954   0x08002954   0x00000018   Code   RO          508    i.SysTick_Handler   stm32f1xx_it.o
    0x0800296c   0x0800296c   0x00000062   Code   RO           14    i.SystemClock_Config  main.o
    0x080029ce   0x080029ce   0x00000002   Code   RO         3244    i.SystemInit        system_stm32f1xx.o
    0x080029d0   0x080029d0   0x0000000c   Code   RO          509    i.TIM1_UP_IRQHandler  stm32f1xx_it.o
    0x080029dc   0x080029dc   0x0000006c   Code   RO         2002    i.TIM_Base_SetConfig  stm32f1xx_hal_tim.o
    0x08002a48   0x08002a48   0x00000014   Code   RO         2013    i.TIM_ETR_SetConfig  stm32f1xx_hal_tim.o
    0x08002a5c   0x08002a5c   0x00000010   Code   RO         2014    i.TIM_ITRx_SetConfig  stm32f1xx_hal_tim.o
    0x08002a6c   0x08002a6c   0x00000022   Code   RO         2020    i.TIM_TI1_ConfigInputStage  stm32f1xx_hal_tim.o
    0x08002a8e   0x08002a8e   0x00000024   Code   RO         2022    i.TIM_TI2_ConfigInputStage  stm32f1xx_hal_tim.o
    0x08002ab2   0x08002ab2   0x00000010   Code   RO         2923    i.UART_DMAAbortOnError  stm32f1xx_hal_uart.o
    0x08002ac2   0x08002ac2   0x0000004a   Code   RO         2924    i.UART_DMAError     stm32f1xx_hal_uart.o
    0x08002b0c   0x08002b0c   0x00000086   Code   RO         2925    i.UART_DMAReceiveCplt  stm32f1xx_hal_uart.o
    0x08002b92   0x08002b92   0x0000001e   Code   RO         2927    i.UART_DMARxHalfCplt  stm32f1xx_hal_uart.o
    0x08002bb0   0x08002bb0   0x00000042   Code   RO         2929    i.UART_DMATransmitCplt  stm32f1xx_hal_uart.o
    0x08002bf2   0x08002bf2   0x0000000a   Code   RO         2931    i.UART_DMATxHalfCplt  stm32f1xx_hal_uart.o
    0x08002bfc   0x08002bfc   0x0000004e   Code   RO         2933    i.UART_EndRxTransfer  stm32f1xx_hal_uart.o
    0x08002c4a   0x08002c4a   0x0000001c   Code   RO         2934    i.UART_EndTxTransfer  stm32f1xx_hal_uart.o
    0x08002c66   0x08002c66   0x000000c2   Code   RO         2935    i.UART_Receive_IT   stm32f1xx_hal_uart.o
    0x08002d28   0x08002d28   0x000000b8   Code   RO         2936    i.UART_SetConfig    stm32f1xx_hal_uart.o
    0x08002de0   0x08002de0   0x00000090   Code   RO         2937    i.UART_Start_Receive_DMA  stm32f1xx_hal_uart.o
    0x08002e70   0x08002e70   0x00000036   Code   RO         2938    i.UART_Start_Receive_IT  stm32f1xx_hal_uart.o
    0x08002ea6   0x08002ea6   0x00000078   Code   RO         2939    i.UART_WaitOnFlagUntilTimeout  stm32f1xx_hal_uart.o
    0x08002f1e   0x08002f1e   0x00000002   PAD
    0x08002f20   0x08002f20   0x0000008c   Code   RO         4965    i.USART1_IRQHandler  uart_control.o
    0x08002fac   0x08002fac   0x0000000c   Code   RO          511    i.USART2_IRQHandler  stm32f1xx_it.o
    0x08002fb8   0x08002fb8   0x0000000c   Code   RO          512    i.USB_LP_CAN1_RX0_IRQHandler  stm32f1xx_it.o
    0x08002fc4   0x08002fc4   0x00000002   Code   RO          513    i.UsageFault_Handler  stm32f1xx_it.o
    0x08002fc6   0x08002fc6   0x00000002   PAD
    0x08002fc8   0x08002fc8   0x00000020   Code   RO         6132    i.__0printf$8       mc_w.l(printf8.o)
    0x08002fe8   0x08002fe8   0x00000020   Code   RO         1390    i.__NVIC_SetPriority  stm32f1xx_hal_cortex.o
    0x08003008   0x08003008   0x0000000e   Code   RO         6258    i.__scatterload_copy  mc_w.l(handlers.o)
    0x08003016   0x08003016   0x00000002   Code   RO         6259    i.__scatterload_null  mc_w.l(handlers.o)
    0x08003018   0x08003018   0x0000000e   Code   RO         6260    i.__scatterload_zeroinit  mc_w.l(handlers.o)
    0x08003026   0x08003026   0x00000002   PAD
    0x08003028   0x08003028   0x00000404   Code   RO         6139    i._printf_core      mc_w.l(printf8.o)
    0x0800342c   0x0800342c   0x00000024   Code   RO         6140    i._printf_post_padding  mc_w.l(printf8.o)
    0x08003450   0x08003450   0x0000002e   Code   RO         6141    i._printf_pre_padding  mc_w.l(printf8.o)
    0x0800347e   0x0800347e   0x0000000c   Code   RO         5063    i.adc_stm32_control  adc_control.o
    0x0800348a   0x0800348a   0x00000002   PAD
    0x0800348c   0x0800348c   0x00000068   Code   RO         5379    i.all_device_init   device_init.o
    0x080034f4   0x080034f4   0x0000000e   Code   RO         5464    i.can_protocol_handle_task  can_protocol_handle.o
    0x08003502   0x08003502   0x000000c2   Code   RO         5465    i.can_protocol_rx   can_protocol_handle.o
    0x080035c4   0x080035c4   0x000000cc   Code   RO         5466    i.can_protocol_tx   can_protocol_handle.o
    0x08003690   0x08003690   0x00000064   Code   RO         5178    i.can_rx_dequeue    can_bus.o
    0x080036f4   0x080036f4   0x0000006c   Code   RO         5179    i.can_rx_enqueue    can_bus.o
    0x08003760   0x08003760   0x00000044   Code   RO         5180    i.can_rx_queue_init  can_bus.o
    0x080037a4   0x080037a4   0x00000034   Code   RO         5181    i.can_send          can_bus.o
    0x080037d8   0x080037d8   0x00000104   Code   RO         5467    i.can_send_timer    can_protocol_handle.o
    0x080038dc   0x080038dc   0x000000e0   Code   RO         5026    i.can_stm32_control  can_control.o
    0x080039bc   0x080039bc   0x00000084   Code   RO         5027    i.can_stm32_init    can_control.o
    0x08003a40   0x08003a40   0x0000008c   Code   RO         5182    i.can_tx_dequeue    can_bus.o
    0x08003acc   0x08003acc   0x0000006c   Code   RO         5183    i.can_tx_enqueue    can_bus.o
    0x08003b38   0x08003b38   0x00000044   Code   RO         5184    i.can_tx_queue_init  can_bus.o
    0x08003b7c   0x08003b7c   0x0000000a   Code   RO         5468    i.can_tx_send_control_27930  can_protocol_handle.o
    0x08003b86   0x08003b86   0x0000003a   Code   RO         5863    i.crc8_calculate    voyah_rf.o
    0x08003bc0   0x08003bc0   0x0000008c   Code   RO         4900    i.device_control    device_control.o
    0x08003c4c   0x08003c4c   0x00000054   Code   RO         5087    i.fputc             uart_bus.o
    0x08003ca0   0x08003ca0   0x0000008c   Code   RO         4935    i.gpio_stm32_control  gpio_control.o
    0x08003d2c   0x08003d2c   0x00000088   Code   RO         4936    i.gpio_stm32_init   gpio_control.o
    0x08003db4   0x08003db4   0x000000a4   Code   RO         5253    i.j1939_rx_handle   j1939.o
    0x08003e58   0x08003e58   0x00000016   Code   RO         5254    i.j1939_rx_m_frame_handle  j1939.o
    0x08003e6e   0x08003e6e   0x00000002   PAD
    0x08003e70   0x08003e70   0x0000004c   Code   RO         5255    i.j1939_rx_queue_init  j1939.o
    0x08003ebc   0x08003ebc   0x00000038   Code   RO         5256    i.j1939_rx_s_frame_handle  j1939.o
    0x08003ef4   0x08003ef4   0x00000240   Code   RO         5257    i.j1939_rx_tpcm_handle  j1939.o
    0x08004134   0x08004134   0x00000128   Code   RO         5258    i.j1939_rx_tpdt_handle  j1939.o
    0x0800425c   0x0800425c   0x0000013c   Code   RO         5260    i.j1939_timer       j1939.o
    0x08004398   0x08004398   0x00000030   Code   RO         5261    i.j1939_timer_ctrl  j1939.o
    0x080043c8   0x080043c8   0x000002dc   Code   RO         5262    i.j1939_tp_poll     j1939.o
    0x080046a4   0x080046a4   0x0000004c   Code   RO         5263    i.j1939_tx_queue_init  j1939.o
    0x080046f0   0x080046f0   0x0000002e   Code   RO           15    i.main              main.o
    0x0800471e   0x0800471e   0x00000002   PAD
    0x08004720   0x08004720   0x0000006c   Code   RO         6187    i.malloc            mc_w.l(malloc.o)
    0x0800478c   0x0800478c   0x00000096   Code   RO         5864    i.manchester_encoded_hex  voyah_rf.o
    0x08004822   0x08004822   0x00000002   PAD
    0x08004824   0x08004824   0x00000034   Code   RO         4350    i.osDelay           cmsis_os2.o
    0x08004858   0x08004858   0x00000038   Code   RO         4364    i.osKernelInitialize  cmsis_os2.o
    0x08004890   0x08004890   0x00000040   Code   RO         4367    i.osKernelStart     cmsis_os2.o
    0x080048d0   0x080048d0   0x000000a4   Code   RO         4401    i.osThreadNew       cmsis_os2.o
    0x08004974   0x08004974   0x0000005a   Code   RO         5469    i.protocol_handle_bcl  can_protocol_handle.o
    0x080049ce   0x080049ce   0x000000a6   Code   RO         5470    i.protocol_handle_bcp  can_protocol_handle.o
    0x08004a74   0x08004a74   0x00000096   Code   RO         5471    i.protocol_handle_bcs  can_protocol_handle.o
    0x08004b0a   0x08004b0a   0x00000070   Code   RO         5472    i.protocol_handle_bem  can_protocol_handle.o
    0x08004b7a   0x08004b7a   0x0000003e   Code   RO         5473    i.protocol_handle_bhm  can_protocol_handle.o
    0x08004bb8   0x08004bb8   0x00000114   Code   RO         5474    i.protocol_handle_brm  can_protocol_handle.o
    0x08004ccc   0x08004ccc   0x00000038   Code   RO         5475    i.protocol_handle_bro  can_protocol_handle.o
    0x08004d04   0x08004d04   0x00000070   Code   RO         5476    i.protocol_handle_bsd  can_protocol_handle.o
    0x08004d74   0x08004d74   0x0000009c   Code   RO         5477    i.protocol_handle_bsm  can_protocol_handle.o
    0x08004e10   0x08004e10   0x000000f6   Code   RO         5478    i.protocol_handle_bst  can_protocol_handle.o
    0x08004f06   0x08004f06   0x00000092   Code   RO         5479    i.protocol_tx_handle_ccs  can_protocol_handle.o
    0x08004f98   0x08004f98   0x000000d4   Code   RO         5480    i.protocol_tx_handle_cem  can_protocol_handle.o
    0x0800506c   0x0800506c   0x00000074   Code   RO         5481    i.protocol_tx_handle_chm  can_protocol_handle.o
    0x080050e0   0x080050e0   0x00000096   Code   RO         5482    i.protocol_tx_handle_cml  can_protocol_handle.o
    0x08005176   0x08005176   0x00000098   Code   RO         5483    i.protocol_tx_handle_crm  can_protocol_handle.o
    0x0800520e   0x0800520e   0x00000068   Code   RO         5484    i.protocol_tx_handle_cro  can_protocol_handle.o
    0x08005276   0x08005276   0x000000a4   Code   RO         5485    i.protocol_tx_handle_csd  can_protocol_handle.o
    0x0800531a   0x0800531a   0x000000fe   Code   RO         5486    i.protocol_tx_handle_cst  can_protocol_handle.o
    0x08005418   0x08005418   0x00000090   Code   RO         5487    i.protocol_tx_handle_cts  can_protocol_handle.o
    0x080054a8   0x080054a8   0x0000005c   Code   RO         3846    i.prvAddCurrentTaskToDelayedList  tasks.o
    0x08005504   0x08005504   0x000000d0   Code   RO         3847    i.prvAddNewTaskToReadyList  tasks.o
    0x080055d4   0x080055d4   0x00000058   Code   RO         4196    i.prvCheckForValidListAndQueue  timers.o
    0x0800562c   0x0800562c   0x00000026   Code   RO         3449    i.prvCopyDataFromQueue  queue.o
    0x08005652   0x08005652   0x0000006c   Code   RO         3450    i.prvCopyDataToQueue  queue.o
    0x080056be   0x080056be   0x00000034   Code   RO         3848    i.prvDeleteTCB      tasks.o
    0x080056f2   0x080056f2   0x00000002   PAD
    0x080056f4   0x080056f4   0x0000004c   Code   RO         4771    i.prvHeapInit       heap_4.o
    0x08005740   0x08005740   0x00000060   Code   RO         3849    i.prvIdleTask       tasks.o
    0x080057a0   0x080057a0   0x00000016   Code   RO         3451    i.prvInitialiseMutex  queue.o
    0x080057b6   0x080057b6   0x00000002   PAD
    0x080057b8   0x080057b8   0x00000022   Code   RO         3452    i.prvInitialiseNewQueue  queue.o
    0x080057da   0x080057da   0x0000009c   Code   RO         3850    i.prvInitialiseNewTask  tasks.o
    0x08005876   0x08005876   0x00000002   PAD
    0x08005878   0x08005878   0x0000004c   Code   RO         4772    i.prvInsertBlockIntoFreeList  heap_4.o
    0x080058c4   0x080058c4   0x00000038   Code   RO         4198    i.prvInsertTimerInActiveList  timers.o
    0x080058fc   0x080058fc   0x0000001c   Code   RO         3453    i.prvIsQueueEmpty   queue.o
    0x08005918   0x08005918   0x000000cc   Code   RO         4199    i.prvProcessReceivedCommands  timers.o
    0x080059e4   0x080059e4   0x000000b4   Code   RO         4200    i.prvProcessTimerOrBlockTask  timers.o
    0x08005a98   0x08005a98   0x00000020   Code   RO         3852    i.prvResetNextTaskUnblockTime  tasks.o
    0x08005ab8   0x08005ab8   0x00000028   Code   RO         4201    i.prvSampleTimeNow  timers.o
    0x08005ae0   0x08005ae0   0x0000006c   Code   RO         4202    i.prvSwitchTimerLists  timers.o
    0x08005b4c   0x08005b4c   0x00000028   Code   RO         4821    i.prvTaskExitError  port.o
    0x08005b74   0x08005b74   0x00000024   Code   RO         4203    i.prvTimerTask      timers.o
    0x08005b98   0x08005b98   0x0000006a   Code   RO         3454    i.prvUnlockQueue    queue.o
    0x08005c02   0x08005c02   0x00000002   PAD
    0x08005c04   0x08005c04   0x000000d8   Code   RO         4773    i.pvPortMalloc      heap_4.o
    0x08005cdc   0x08005cdc   0x00000018   Code   RO         3855    i.pvTaskIncrementMutexHeldCount  tasks.o
    0x08005cf4   0x08005cf4   0x00000024   Code   RO         4822    i.pxPortInitialiseStack  port.o
    0x08005d18   0x08005d18   0x000000f4   Code   RO         5866    i.rf_command_send   voyah_rf.o
    0x08005e0c   0x08005e0c   0x00000038   Code   RO         5264    i.send_j1939_s_frame  j1939.o
    0x08005e44   0x08005e44   0x00000184   Code   RO         5265    i.send_j1939_tp_frame  j1939.o
    0x08005fc8   0x08005fc8   0x000000b4   Code   RO         5424    i.share_data_init   share_data.o
    0x0800607c   0x0800607c   0x00000080   Code   RO         5425    i.share_data_read   share_data.o
    0x080060fc   0x080060fc   0x0000005c   Code   RO         5426    i.share_data_write  share_data.o
    0x08006158   0x08006158   0x000000a4   Code   RO         5089    i.uart_dma_tx_complete  uart_bus.o
    0x080061fc   0x080061fc   0x00000084   Code   RO         5091    i.uart_rx_enqueue   uart_bus.o
    0x08006280   0x08006280   0x00000044   Code   RO         5092    i.uart_rx_queue_init  uart_bus.o
    0x080062c4   0x080062c4   0x0000006c   Code   RO         5093    i.uart_send         uart_bus.o
    0x08006330   0x08006330   0x000000ca   Code   RO         4966    i.uart_stm32_control  uart_control.o
    0x080063fa   0x080063fa   0x00000002   PAD
    0x080063fc   0x080063fc   0x000000e0   Code   RO         4967    i.uart_stm32_init   uart_control.o
    0x080064dc   0x080064dc   0x00000040   Code   RO         5094    i.uart_tx_dequeue   uart_bus.o
    0x0800651c   0x0800651c   0x00000084   Code   RO         5095    i.uart_tx_enqueue   uart_bus.o
    0x080065a0   0x080065a0   0x00000044   Code   RO         5096    i.uart_tx_queue_init  uart_bus.o
    0x080065e4   0x080065e4   0x00000026   Code   RO         3409    i.uxListRemove      list.o
    0x0800660a   0x0800660a   0x00000002   PAD
    0x0800660c   0x0800660c   0x00000014   Code   RO         4413    i.vApplicationGetIdleTaskMemory  cmsis_os2.o
    0x08006620   0x08006620   0x00000018   Code   RO         4414    i.vApplicationGetTimerTaskMemory  cmsis_os2.o
    0x08006638   0x08006638   0x00000016   Code   RO         3410    i.vListInitialise   list.o
    0x0800664e   0x0800664e   0x00000006   Code   RO         3411    i.vListInitialiseItem  list.o
    0x08006654   0x08006654   0x00000030   Code   RO         3412    i.vListInsert       list.o
    0x08006684   0x08006684   0x00000018   Code   RO         3413    i.vListInsertEnd    list.o
    0x0800669c   0x0800669c   0x00000040   Code   RO         4824    i.vPortEnterCritical  port.o
    0x080066dc   0x080066dc   0x00000028   Code   RO         4825    i.vPortExitCritical  port.o
    0x08006704   0x08006704   0x0000005c   Code   RO         4774    i.vPortFree         heap_4.o
    0x08006760   0x08006760   0x00000024   Code   RO         4826    i.vPortSetupTimerInterrupt  port.o
    0x08006784   0x08006784   0x00000054   Code   RO         4827    i.vPortValidateInterruptPriority  port.o
    0x080067d8   0x080067d8   0x00000028   Code   RO         3460    i.vQueueAddToRegistry  queue.o
    0x08006800   0x08006800   0x00000044   Code   RO         3464    i.vQueueWaitForMessageRestricted  queue.o
    0x08006844   0x08006844   0x0000004c   Code   RO         3864    i.vTaskDelay        tasks.o
    0x08006890   0x08006890   0x00000010   Code   RO         3869    i.vTaskInternalSetTimeOutState  tasks.o
    0x080068a0   0x080068a0   0x0000000c   Code   RO         3870    i.vTaskMissedYield  tasks.o
    0x080068ac   0x080068ac   0x00000030   Code   RO         3872    i.vTaskPlaceOnEventList  tasks.o
    0x080068dc   0x080068dc   0x00000038   Code   RO         3873    i.vTaskPlaceOnEventListRestricted  tasks.o
    0x08006914   0x08006914   0x00000090   Code   RO         3875    i.vTaskPriorityDisinheritAfterTimeout  tasks.o
    0x080069a4   0x080069a4   0x00000088   Code   RO         3881    i.vTaskStartScheduler  tasks.o
    0x08006a2c   0x08006a2c   0x00000010   Code   RO         3883    i.vTaskSuspendAll   tasks.o
    0x08006a3c   0x08006a3c   0x00000064   Code   RO         3884    i.vTaskSwitchContext  tasks.o
    0x08006aa0   0x08006aa0   0x000000a8   Code   RO         4828    i.xPortStartScheduler  port.o
    0x08006b48   0x08006b48   0x0000002c   Code   RO         4829    i.xPortSysTickHandler  port.o
    0x08006b74   0x08006b74   0x00000016   Code   RO         3467    i.xQueueCreateMutex  queue.o
    0x08006b8a   0x08006b8a   0x00000048   Code   RO         3469    i.xQueueGenericCreate  queue.o
    0x08006bd2   0x08006bd2   0x00000066   Code   RO         3470    i.xQueueGenericCreateStatic  queue.o
    0x08006c38   0x08006c38   0x00000088   Code   RO         3471    i.xQueueGenericReset  queue.o
    0x08006cc0   0x08006cc0   0x00000160   Code   RO         3472    i.xQueueGenericSend  queue.o
    0x08006e20   0x08006e20   0x000000bc   Code   RO         3473    i.xQueueGenericSendFromISR  queue.o
    0x08006edc   0x08006edc   0x00000138   Code   RO         3482    i.xQueueReceive     queue.o
    0x08007014   0x08007014   0x00000178   Code   RO         3484    i.xQueueSemaphoreTake  queue.o
    0x0800718c   0x0800718c   0x00000074   Code   RO         3885    i.xTaskCheckForTimeOut  tasks.o
    0x08007200   0x08007200   0x0000005a   Code   RO         3886    i.xTaskCreate       tasks.o
    0x0800725a   0x0800725a   0x00000056   Code   RO         3887    i.xTaskCreateStatic  tasks.o
    0x080072b0   0x080072b0   0x0000001c   Code   RO         3891    i.xTaskGetSchedulerState  tasks.o
    0x080072cc   0x080072cc   0x0000000c   Code   RO         3892    i.xTaskGetTickCount  tasks.o
    0x080072d8   0x080072d8   0x000000c8   Code   RO         3894    i.xTaskIncrementTick  tasks.o
    0x080073a0   0x080073a0   0x00000080   Code   RO         3897    i.xTaskPriorityDisinherit  tasks.o
    0x08007420   0x08007420   0x00000078   Code   RO         3898    i.xTaskPriorityInherit  tasks.o
    0x08007498   0x08007498   0x00000070   Code   RO         3899    i.xTaskRemoveFromEventList  tasks.o
    0x08007508   0x08007508   0x000000c4   Code   RO         3900    i.xTaskResumeAll    tasks.o
    0x080075cc   0x080075cc   0x00000060   Code   RO         4210    i.xTimerCreateTimerTask  timers.o
    0x0800762c   0x0800762c   0x00000068   Code   RO         4211    i.xTimerGenericCommand  timers.o
    0x08007694   0x08007694   0x00000090   Data   RO          221    .constdata          freertos.o
    0x08007724   0x08007724   0x00000012   Data   RO         1088    .constdata          stm32f1xx_hal_rcc.o
    0x08007736   0x08007736   0x00000010   Data   RO         3245    .constdata          system_stm32f1xx.o
    0x08007746   0x08007746   0x00000008   Data   RO         3246    .constdata          system_stm32f1xx.o
    0x0800774e   0x0800774e   0x00000002   PAD
    0x08007750   0x08007750   0x00000040   Data   RO         5428    .constdata          share_data.o
    0x08007790   0x08007790   0x00000108   Data   RO         5489    .constdata          can_protocol_handle.o
    0x08007898   0x08007898   0x00000012   Data   RO         5868    .constdata          voyah_rf.o
    0x080078aa   0x080078aa   0x00000002   PAD
    0x080078ac   0x080078ac   0x00000030   Data   RO          222    .conststring        freertos.o
    0x080078dc   0x080078dc   0x000000b3   Data   RO         5381    .conststring        device_init.o
    0x0800798f   0x0800798f   0x00000001   PAD
    0x08007990   0x08007990   0x00000020   Data   RO         6256    Region$$Table       anon$$obj.o


    Execution Region RW_IRAM1 (Exec base: 0x20000000, Load base: 0x080079b0, Size: 0x00004d20, Max: 0x00005000, ABSOLUTE, COMPRESSED[0x00000228])

    Exec Addr    Load Addr    Size         Type   Attr      Idx    E Section Name        Object

    0x20000000   COMPRESSED   0x00000010   Data   RW          223    .data               freertos.o
    0x20000010   COMPRESSED   0x0000000c   Data   RW          925    .data               stm32f1xx_hal.o
    0x2000001c   COMPRESSED   0x00000004   Data   RW         3247    .data               system_stm32f1xx.o
    0x20000020   COMPRESSED   0x0000003c   Data   RW         3903    .data               tasks.o
    0x2000005c   COMPRESSED   0x00000014   Data   RW         4219    .data               timers.o
    0x20000070   COMPRESSED   0x00000004   Data   RW         4416    .data               cmsis_os2.o
    0x20000074   COMPRESSED   0x00000018   Data   RW         4779    .data               heap_4.o
    0x2000008c   COMPRESSED   0x0000000c   Data   RW         4830    .data               port.o
    0x20000098   COMPRESSED   0x00000600   Data   RW         4901    .data               device_control.o
    0x20000698   COMPRESSED   0x00000608   Data   RW         5098    .data               uart_bus.o
    0x20000ca0   COMPRESSED   0x00000014   Data   RW         5186    .data               can_bus.o
    0x20000cb4   COMPRESSED   0x00000010   Data   RW         5267    .data               j1939.o
    0x20000cc4   COMPRESSED   0x00000004   PAD
    0x20000cc8   COMPRESSED   0x00000200   Data   RW         5382    .data               device_init.o
    0x20000ec8   COMPRESSED   0x00000001   Data   RW         5636    .data               apl_tack.o
    0x20000ec9   COMPRESSED   0x00000010   Data   RW         5869    .data               voyah_rf.o
    0x20000ed9   COMPRESSED   0x00000003   PAD
    0x20000edc   COMPRESSED   0x00000004   Data   RW         6230    .data               mc_w.l(stdout.o)
    0x20000ee0   COMPRESSED   0x00000004   Data   RW         6235    .data               mc_w.l(mvars.o)
    0x20000ee4   COMPRESSED   0x00000004   Data   RW         6236    .data               mc_w.l(mvars.o)
    0x20000ee8        -       0x00000028   Zero   RW          317    .bss                can.o
    0x20000f10        -       0x00000048   Zero   RW          413    .bss                tim.o
    0x20000f58        -       0x0000015c   Zero   RW          456    .bss                usart.o
    0x200010b4        -       0x00000040   Zero   RW         3486    .bss                queue.o
    0x200010f4        -       0x000004c4   Zero   RW         3902    .bss                tasks.o
    0x200015b8        -       0x00000118   Zero   RW         4218    .bss                timers.o
    0x200016d0        -       0x000006b8   Zero   RW         4415    .bss                cmsis_os2.o
    0x20001d88        -       0x00001400   Zero   RW         4778    .bss                heap_4.o
    0x20003188        -       0x00000032   Zero   RW         4968    .bss                uart_control.o
    0x200031ba   COMPRESSED   0x00000002   PAD
    0x200031bc        -       0x000002f4   Zero   RW         5097    .bss                uart_bus.o
    0x200034b0        -       0x00000190   Zero   RW         5185    .bss                can_bus.o
    0x20003640        -       0x000012cc   Zero   RW         5266    .bss                j1939.o
    0x2000490c        -       0x00000020   Zero   RW         5427    .bss                share_data.o
    0x2000492c        -       0x000000b0   Zero   RW         5488    .bss                can_protocol_handle.o
    0x200049dc        -       0x0000003d   Zero   RW         5867    .bss                voyah_rf.o
    0x20004a19   COMPRESSED   0x00000007   PAD
    0x20004a20        -       0x00000100   Zero   RW            2    HEAP                startup_stm32f103xb.o
    0x20004b20        -       0x00000200   Zero   RW            1    STACK               startup_stm32f103xb.o


==============================================================================

Image component sizes


      Code (inc. data)   RO Data    RW Data    ZI Data      Debug   Object Name

        12          0          0          0          0        948   adc_control.o
        80         12          0          1          0       1134   apl_tack.o
       248         36          0          0         40       2183   can.o
       644         40          0         20        400       7798   can_bus.o
       436         58          0          0          0       3632   can_control.o
      3550         34        264          0        176      22880   can_protocol_handle.o
       380         32          0          4       1720      17150   cmsis_os2.o
       140          6          0       1536          0       3905   device_control.o
       208         28        179        512          0       2458   device_init.o
        76          4          0          0          0        770   dma.o
         0          0          0          0          0      20160   event_groups.o
       100         24        192         16          0      16412   freertos.o
       224         18          0          0          0        983   gpio.o
       276          6          0          0          0       1877   gpio_control.o
       460         24          0         24       5120       4659   heap_4.o
      3656        320          0         16       4812      16703   j1939.o
       138          0          0          0          0       3382   list.o
       148          0          0          0          0     446692   main.o
       662         70          0         12          0      10797   port.o
      2004         24          0          0         64      20776   queue.o
       400         44         64          0         32       3548   share_data.o
        36          8        236          0        768        796   startup_stm32f103xb.o
       128         24          0         12          0       5285   stm32f1xx_hal.o
      1606          0          0          0          0      15413   stm32f1xx_hal_can.o
       232         14          0          0          0      29589   stm32f1xx_hal_cortex.o
       900         44          0          0          0       5643   stm32f1xx_hal_dma.o
       796         60          0          0          0       5078   stm32f1xx_hal_gpio.o
        72         10          0          0          0        866   stm32f1xx_hal_msp.o
      1240         84         18          0          0       5100   stm32f1xx_hal_rcc.o
       892         14          0          0          0       9573   stm32f1xx_hal_tim.o
       108         12          0          0          0       2393   stm32f1xx_hal_tim_ex.o
      2580         38          0          0          0      21111   stm32f1xx_hal_uart.o
       108         36          0          0          0       5734   stm32f1xx_it.o
         0          0          0          0          0       8892   stream_buffer.o
         2          0         24          4          0       1107   system_stm32f1xx.o
      2352        194          0         60       1220      25653   tasks.o
       168         20          0          0         72       1658   tim.o
       912         82          0         20        280      25959   timers.o
       820        122          0       1544        756      13277   uart_bus.o
       570         54          0          0         50       7502   uart_control.o
       576         60          0          0        348       3233   usart.o
       452         12         18         16         61       4446   voyah_rf.o

    ----------------------------------------------------------------------
     28430       1668       1032       3804      15928     807155   Object Totals
         0          0         32          0          0          0   (incl. Generated)
        38          0          5          7          9          0   (incl. Padding)

    ----------------------------------------------------------------------

      Code (inc. data)   RO Data    RW Data    ZI Data      Debug   Library Member Name

        86          0          0          0          0          0   __dczerorl2.o
         0          0          0          0          0          0   entry.o
         0          0          0          0          0          0   entry10a.o
         0          0          0          0          0          0   entry11a.o
         4          0          0          0          0          0   entry12b.o
         8          4          0          0          0          0   entry2.o
         4          0          0          0          0          0   entry5.o
         0          0          0          0          0          0   entry7b.o
         0          0          0          0          0          0   entry8b.o
         8          4          0          0          0          0   entry9a.o
        30          0          0          0          0          0   handlers.o
        36          8          0          0          0         68   init.o
        30          0          0          0          0         68   llshl.o
        32          0          0          0          0         68   llushr.o
       108         16          0          0          0         84   malloc.o
        36          0          0          0          0         68   memcpya.o
        36          0          0          0          0        108   memseta.o
         0          0          0          8          0          0   mvars.o
      1142         54          0          0          0        352   printf8.o
         0          0          0          4          0          0   stdout.o
        28          0          0          0          0         76   strcmp.o
        98          0          0          0          0         92   uldiv.o

    ----------------------------------------------------------------------
      1690         86          0         12          0        984   Library Totals
         4          0          0          0          0          0   (incl. Padding)

    ----------------------------------------------------------------------

      Code (inc. data)   RO Data    RW Data    ZI Data      Debug   Library Name

      1686         86          0         12          0        984   mc_w.l

    ----------------------------------------------------------------------
      1690         86          0         12          0        984   Library Totals

    ----------------------------------------------------------------------

==============================================================================


      Code (inc. data)   RO Data    RW Data    ZI Data      Debug   

     30120       1754       1032       3816      15928     793759   Grand Totals
     30120       1754       1032        552      15928     793759   ELF Image Totals (compressed)
     30120       1754       1032        552          0          0   ROM Totals

==============================================================================

    Total RO  Size (Code + RO Data)                31152 (  30.42kB)
    Total RW  Size (RW Data + ZI Data)             19744 (  19.28kB)
    Total ROM Size (Code + RO Data + RW Data)      31704 (  30.96kB)

==============================================================================

